<html>
<body>
<pre>
<h1>�Vision Build Log</h1>
<h2>Tool Versions:</h2>
IDE-Version: ��Vision V5.26.2.0
Copyright (C) 2018 ARM Ltd and ARM Germany GmbH. All rights reserved.
License Information: Li Yuhao, SJTU, LIC=NQQ63-AVXB5-HJB6M-XABUN-Z1PVQ-PMP09
 
Tool Versions:
Toolchain:       MDK-ARM Plus  Version: 5.26.2.0
Toolchain Path:  F:\Keil_v5\ARM\ARMCC\Bin
C Compiler:      Armcc.exe V5.06 update 6 (build 750)
Assembler:       Armasm.exe V5.06 update 6 (build 750)
Linker/Locator:  ArmLink.exe V5.06 update 6 (build 750)
Library Manager: ArmAr.exe V5.06 update 6 (build 750)
Hex Converter:   FromElf.exe V5.06 update 6 (build 750)
CPU DLL:         SARMCM3.DLL V5.26.2.0
Dialog DLL:      DCM.DLL V1.17.2.0
Target DLL:      Segger\JL2CM3.dll V2.99.31.0
Dialog DLL:      TCM.DLL V1.36.1.0
 
<h2>Project:</h2>
F:\SRC\Hardware\SW-00002-CtrlBrd_v1.3_nodog\project\SSL_Ctrl_v13.uvprojx
Project File Date:  10/09/2021

<h2>Output:</h2>
*** Using Compiler 'V5.06 update 6 (build 750)', folder: 'F:\Keil_v5\ARM\ARMCC\Bin'
*** Note: Rebuilding project, since 'Options->Output->Create Batch File' is selected.
Rebuild target 'SSL_Ctrl_v13'
compiling nrf24l01.c...
compiling nrf24l01_drv.c...
compiling packet.c...
compiling param.c...
compiling pid.c...
compiling robot.c...
compiling stm32f4xx_it.c...
compiling system_stm32f4xx.c...
compiling timer.c...
compiling typedef.c...
compiling Usart_ble.c...
compiling action.c...
compiling comm.c...
compiling Cpuid_des.c...
..\src\Cpuid_des.c(369): warning:  #181-D: argument is incompatible with corresponding format string conversion
        sscanf(org, "%x-%x-%x-%x-%x-%x-%x-%x", &o1[0], &o1[1], &o1[2], &o1[3], &o1[4], &o1[5], &o1[6], &o1[7]);
..\src\Cpuid_des.c(369): warning:  #181-D: argument is incompatible with corresponding format string conversion
        sscanf(org, "%x-%x-%x-%x-%x-%x-%x-%x", &o1[0], &o1[1], &o1[2], &o1[3], &o1[4], &o1[5], &o1[6], &o1[7]);
..\src\Cpuid_des.c(369): warning:  #181-D: argument is incompatible with corresponding format string conversion
        sscanf(org, "%x-%x-%x-%x-%x-%x-%x-%x", &o1[0], &o1[1], &o1[2], &o1[3], &o1[4], &o1[5], &o1[6], &o1[7]);
..\src\Cpuid_des.c(369): warning:  #181-D: argument is incompatible with corresponding format string conversion
        sscanf(org, "%x-%x-%x-%x-%x-%x-%x-%x", &o1[0], &o1[1], &o1[2], &o1[3], &o1[4], &o1[5], &o1[6], &o1[7]);
..\src\Cpuid_des.c(369): warning:  #181-D: argument is incompatible with corresponding format string conversion
        sscanf(org, "%x-%x-%x-%x-%x-%x-%x-%x", &o1[0], &o1[1], &o1[2], &o1[3], &o1[4], &o1[5], &o1[6], &o1[7]);
..\src\Cpuid_des.c(369): warning:  #181-D: argument is incompatible with corresponding format string conversion
        sscanf(org, "%x-%x-%x-%x-%x-%x-%x-%x", &o1[0], &o1[1], &o1[2], &o1[3], &o1[4], &o1[5], &o1[6], &o1[7]);
..\src\Cpuid_des.c(369): warning:  #181-D: argument is incompatible with corresponding format string conversion
        sscanf(org, "%x-%x-%x-%x-%x-%x-%x-%x", &o1[0], &o1[1], &o1[2], &o1[3], &o1[4], &o1[5], &o1[6], &o1[7]);
..\src\Cpuid_des.c(369): warning:  #181-D: argument is incompatible with corresponding format string conversion
        sscanf(org, "%x-%x-%x-%x-%x-%x-%x-%x", &o1[0], &o1[1], &o1[2], &o1[3], &o1[4], &o1[5], &o1[6], &o1[7]);
..\src\Cpuid_des.c(257): warning:  #177-D: function "key_to_str"  was declared but never referenced
  static void key_to_str(const uint8_t *key,uint8_t *str)
..\src\Cpuid_des.c: 9 warnings, 0 errors
compiling error_event.c...
compiling factory.c...
compiling gpio.c...
compiling Hm_bluetooth.c...
compiling i2c.c...
compiling init.c...
compiling main.c...
compiling misc.c...
compiling motor.c...
compiling MPU6050_driver.c...
..\src\MPU6050_driver.c(227): warning:  #1035-D: single-precision operand implicitly converted to double-precision
        acc_agro_angel.gyro_x_angel =z_factory.acc_factor*angel_x+z_factory.gyro_factor*(acc_agro_angel.gyro_x_angel + meam.GYRO_x*SAMPLE_T);
..\src\MPU6050_driver.c(234): warning:  #1035-D: single-precision operand implicitly converted to double-precision
        acc_agro_angel.gyro_y_angel =z_factory.acc_factor*angel_y+z_factory.gyro_factor*(acc_agro_angel.gyro_y_angel + meam.GYRO_y*SAMPLE_T);
..\src\MPU6050_driver.c(240): warning:  #1035-D: single-precision operand implicitly converted to double-precision
        if((meam.GYRO_z > 1.0) ||(meam.GYRO_z < -1.0))   //1.0*GYRO_SEN_SCAN_FACTOR = 65.36 跳动浮动大于65.36则认为MPU6050旋转�?
..\src\MPU6050_driver.c(242): warning:  #1035-D: single-precision operand implicitly converted to double-precision
         acc_agro_angel.gyro_z_angel =1*(acc_agro_angel.gyro_z_angel + meam.GYRO_z*SAMPLE_T);
..\src\MPU6050_driver.c(244): warning:  #1035-D: single-precision operand implicitly converted to double-precision
        if(acc_agro_angel.gyro_z_angel > 180.0)
..\src\MPU6050_driver.c(246): warning:  #1035-D: single-precision operand implicitly converted to double-precision
          acc_agro_angel.gyro_z_angel = acc_agro_angel.gyro_z_angel - 360.0;
..\src\MPU6050_driver.c(250): warning:  #1035-D: single-precision operand implicitly converted to double-precision
                   acc_agro_angel.gyro_z_angel = acc_agro_angel.gyro_z_angel + 360.0;
..\src\MPU6050_driver.c: 7 warnings, 0 errors
assembling startup_stm32f4xx.s...
compiling usb_bsp.c...
compiling usbd_cdc_vcp.c...
compiling usbd_desc.c...
compiling usbd_usr.c...
compiling usbh_usr.c...
compiling stm32f4xx_adc.c...
compiling stm32f4xx_can.c...
compiling stm32f4xx_crc.c...
compiling stm32f4xx_cryp.c...
compiling stm32f4xx_cryp_aes.c...
compiling stm32f4xx_cryp_des.c...
compiling stm32f4xx_cryp_tdes.c...
compiling stm32f4xx_dac.c...
compiling stm32f4xx_dbgmcu.c...
compiling stm32f4xx_dcmi.c...
compiling stm32f4xx_dma.c...
compiling stm32f4xx_exti.c...
compiling stm32f4xx_flash.c...
compiling stm32f4xx_fsmc.c...
compiling stm32f4xx_gpio.c...
compiling stm32f4xx_hash.c...
compiling stm32f4xx_hash_md5.c...
compiling stm32f4xx_hash_sha1.c...
compiling stm32f4xx_i2c.c...
compiling stm32f4xx_iwdg.c...
compiling stm32f4xx_misc.c...
compiling stm32f4xx_pwr.c...
compiling stm32f4xx_rcc.c...
compiling stm32f4xx_rng.c...
compiling stm32f4xx_rtc.c...
compiling stm32f4xx_sdio.c...
compiling stm32f4xx_spi.c...
compiling stm32f4xx_syscfg.c...
compiling stm32f4xx_tim.c...
compiling stm32f4xx_usart.c...
compiling stm32f4xx_wwdg.c...
compiling usbh_core.c...
compiling usbh_hcs.c...
compiling usbh_ioreq.c...
compiling usbh_stdreq.c...
compiling usbh_hid_core.c...
compiling Usbh_hid_joystick.c...
compiling usbh_hid_keybd.c...
compiling usbh_hid_mouse.c...
compiling usb_core.c...
compiling usb_hcd.c...
compiling usb_hcd_int.c...
compiling usbd_core.c...
compiling usbd_ioreq.c...
compiling usbd_req.c...
compiling usbd_cdc_core.c...
compiling usbd_cdc_if_template.c...
compiling usb_dcd.c...
compiling usb_dcd_int.c...
linking...
Program Size: Code=76376 RO-data=2688 RW-data=896 ZI-data=20168  
FromELF: creating hex file...
".\SSL_Ctrl_v13.axf" - 0 Error(s), 16 Warning(s).

<h2>Software Packages used:</h2>

Package Vendor: Keil
                http://www.keil.com/pack/Keil.STM32F4xx_DFP.2.13.0.pack
                Keil.STM32F4xx_DFP.2.13.0
                STMicroelectronics STM32F4 Series Device Support, Drivers and Examples

<h2>Collection of Component include folders:</h2>
  .\RTE\_SSL_Ctrl_v13
  F:\Keil_v5\ARM\PACK\Keil\STM32F4xx_DFP\2.13.0\Drivers\CMSIS\Device\ST\STM32F4xx\Include

<h2>Collection of Component Files used:</h2>
Build Time Elapsed:  00:00:31
</pre>
</body>
</html>
