Component: ARM Compiler 5.06 update 6 (build 750) Tool: armlink [4d35ed]

==============================================================================

Section Cross References

    nrf24l01.o(.text) refers to nrf24l01_drv.o(.text) for L01_ClearIRQ
    nrf24l01.o(.text) refers to timer.o(.text) for wait_100us
    nrf24l01.o(.text) refers to nrf24l01.o(.data) for receive_flag
    nrf24l01.o(.text) refers to robot.o(.bss) for g_robot
    nrf24l01_drv.o(.text) refers to misc.o(.text) for nrf_spi_wr_rd
    packet.o(.text) refers to misc.o(.text) for get_bat_v
    packet.o(.text) refers to timer.o(.text) for get_one_timer
    packet.o(.text) refers to robot.o(.bss) for g_robot
    packet.o(.text) refers to packet.o(.data) for packet_flag
    packet.o(.text) refers to action.o(.data) for shooter
    packet.o(.text) refers to robot.o(.data) for rf_comm_tim
    packet.o(.text) refers to pid.o(.text) for pid_set_param
    packet.o(.text) refers to init.o(.data) for encrpty_cpuid
    packet.o(.text) refers to rt_memclr.o(.text) for __aeabi_memclr
    param.o(.text) refers to rt_memclr.o(.text) for __aeabi_memclr
    param.o(.text) refers to i2c.o(.text) for high_size_eeprom_rd
    param.o(.text) refers to rt_memclr_w.o(.text) for __aeabi_memclr4
    pid.o(.text) refers to misc.o(.text) for N2RPM
    pid.o(.text) refers to system_stm32f4xx.o(.data) for SystemCoreClock
    robot.o(.text) refers to param.o(.text) for load_param
    robot.o(.text) refers to misc.o(.text) for read_dip_sw
    robot.o(.text) refers to rt_memclr_w.o(.text) for __aeabi_memclr4
    robot.o(.text) refers to pid.o(.text) for pid_init
    robot.o(.text) refers to f2d.o(x$fpl$f2d) for __aeabi_f2d
    robot.o(.text) refers to sin.o(i.__hardfp_sin) for __hardfp_sin
    robot.o(.text) refers to d2f.o(x$fpl$d2f) for __aeabi_d2f
    robot.o(.text) refers to cos.o(i.__hardfp_cos) for __hardfp_cos
    robot.o(.text) refers to action.o(.text) for init_shooter
    robot.o(.text) refers to motor.o(.text) for update_motor
    robot.o(.text) refers to timer.o(.text) for wait_ms
    robot.o(.text) refers to robot.o(.constdata) for .constdata
    robot.o(.text) refers to robot.o(.data) for wheel_reduction_ratio_x_set
    robot.o(.text) refers to init.o(.data) for eeprom_blue_init_flag
    robot.o(.text) refers to robot.o(.bss) for g_robot
    robot.o(.text) refers to pid.o(.bss) for gyro_pid
    robot.o(.text) refers to comm.o(.text) for do_comm
    robot.o(.text) refers to nrf24l01.o(.text) for start_nRF24L01_RX
    robot.o(.text) refers to usbh_core.o(.text) for USBH_Process
    robot.o(.text) refers to mpu6050_driver.o(.text) for Get_Motion_data
    robot.o(.text) refers to hm_bluetooth.o(.text) for AT_Set_device_name_cmd
    robot.o(.text) refers to init.o(.text) for UNLOCK_FLASH_RDP
    robot.o(.text) refers to usbh_core.o(.bss) for USB_Host
    robot.o(.text) refers to usbh_hid_joystick.o(.bss) for HID_JOYSTICK_Data
    robot.o(.text) refers to comm.o(.data) for gyro_control_flag
    robot.o(.text) refers to mpu6050_driver.o(.bss) for acc_gyro_actul
    robot.o(.text) refers to usbd_cdc_vcp.o(.data) for USB_Receive_ok
    robot.o(.text) refers to usbd_cdc_vcp.o(.bss) for USB_Receive_Buffer
    robot.o(.text) refers to hm_bluetooth.o(.bss) for bluetooth_name
    robot.o(.text) refers to usbd_cdc_core.o(.bss) for APP_Rx_Buffer
    robot.o(.text) refers to usbd_cdc_core.o(.data) for APP_Rx_ptr_in
    robot.o(.text) refers to hm_bluetooth.o(.data) for bluetooth_code
    robot.o(.text) refers to error_event.o(.data) for error_flag
    robot.o(.text) refers to init.o(.bss) for cpuid_data
    robot.o(.text) refers to gpio.o(.text) for feed_iwdog
    stm32f4xx_it.o(.text) refers to usb_hcd_int.o(.text) for USBH_OTG_ISR_Handler
    stm32f4xx_it.o(.text) refers to usb_dcd_int.o(.text) for USBD_OTG_ISR_Handler
    stm32f4xx_it.o(.text) refers to init.o(.data) for usb_host_device_mode
    stm32f4xx_it.o(.text) refers to usbh_core.o(.bss) for USB_OTG_Core_dev
    stm32f4xx_it.o(.text) refers to usbd_core.o(.bss) for USB_OTG_dev
    system_stm32f4xx.o(.text) refers to system_stm32f4xx.o(.data) for SystemCoreClock
    timer.o(.text) refers to timer.o(.data) for sys_tick
    usart_ble.o(.text) refers to stm32f4xx_usart.o(.text) for USART_Init
    usart_ble.o(.text) refers to rt_memclr_w.o(.text) for __aeabi_memclr4
    usart_ble.o(.text) refers to rt_memcpy_v6.o(.text) for __aeabi_memcpy
    usart_ble.o(.text) refers to usart_ble.o(.data) for uart_rx_buf_cnt
    usart_ble.o(.text) refers to usart_ble.o(.bss) for uart_rx_buf
    action.o(.text) refers to misc.o(.text) for shoot_off
    action.o(.text) refers to dflt_clz.o(x$fpl$dfltu) for __aeabi_ui2d
    action.o(.text) refers to dmul.o(x$fpl$dmul) for __aeabi_dmul
    action.o(.text) refers to dfixu.o(x$fpl$dfixu) for __aeabi_d2uiz
    action.o(.text) refers to action.o(.bss) for g_shooter
    action.o(.text) refers to robot.o(.bss) for g_robot
    action.o(.text) refers to action.o(.data) for shooter
[...]
    I2S_StructInit                           0x08008b07   Thumb Code    20  stm32f4xx_spi.o(.text)
    SPI_Cmd                                  0x08008b1b   Thumb Code    24  stm32f4xx_spi.o(.text)
    I2S_Cmd                                  0x08008b33   Thumb Code    24  stm32f4xx_spi.o(.text)
    SPI_DataSizeConfig                       0x08008b4b   Thumb Code    18  stm32f4xx_spi.o(.text)
    SPI_BiDirectionalLineConfig              0x08008b5d   Thumb Code    28  stm32f4xx_spi.o(.text)
    SPI_NSSInternalSoftwareConfig            0x08008b79   Thumb Code    30  stm32f4xx_spi.o(.text)
    SPI_SSOutputCmd                          0x08008b97   Thumb Code    24  stm32f4xx_spi.o(.text)
    SPI_TIModeCmd                            0x08008baf   Thumb Code    24  stm32f4xx_spi.o(.text)
    I2S_FullDuplexConfig                     0x08008bc7   Thumb Code    80  stm32f4xx_spi.o(.text)
    SPI_I2S_ReceiveData                      0x08008c17   Thumb Code     6  stm32f4xx_spi.o(.text)
    SPI_I2S_SendData                         0x08008c1d   Thumb Code     4  stm32f4xx_spi.o(.text)
    SPI_CalculateCRC                         0x08008c21   Thumb Code    24  stm32f4xx_spi.o(.text)
    SPI_TransmitCRC                          0x08008c39   Thumb Code    10  stm32f4xx_spi.o(.text)
    SPI_GetCRC                               0x08008c43   Thumb Code    16  stm32f4xx_spi.o(.text)
    SPI_GetCRCPolynomial                     0x08008c53   Thumb Code     6  stm32f4xx_spi.o(.text)
    SPI_I2S_DMACmd                           0x08008c59   Thumb Code    18  stm32f4xx_spi.o(.text)
    SPI_I2S_ITConfig                         0x08008c6b   Thumb Code    32  stm32f4xx_spi.o(.text)
    SPI_I2S_GetFlagStatus                    0x08008c8b   Thumb Code    18  stm32f4xx_spi.o(.text)
    SPI_I2S_ClearFlag                        0x08008c9d   Thumb Code     6  stm32f4xx_spi.o(.text)
    SPI_I2S_GetITStatus                      0x08008ca3   Thumb Code    52  stm32f4xx_spi.o(.text)
    SPI_I2S_ClearITPendingBit                0x08008cd7   Thumb Code    42  stm32f4xx_spi.o(.text)
    SYSCFG_DeInit                            0x08008d01   Thumb Code    22  stm32f4xx_syscfg.o(.text)
    SYSCFG_MemoryRemapConfig                 0x08008d17   Thumb Code     6  stm32f4xx_syscfg.o(.text)
    SYSCFG_EXTILineConfig                    0x08008d1d   Thumb Code    66  stm32f4xx_syscfg.o(.text)
    SYSCFG_ETH_MediaInterfaceConfig          0x08008d5f   Thumb Code     6  stm32f4xx_syscfg.o(.text)
    SYSCFG_CompensationCellCmd               0x08008d65   Thumb Code     6  stm32f4xx_syscfg.o(.text)
    SYSCFG_GetCompensationCellStatus         0x08008d6b   Thumb Code    22  stm32f4xx_syscfg.o(.text)
    TIM_DeInit                               0x08008d8d   Thumb Code   346  stm32f4xx_tim.o(.text)
    TIM_TimeBaseInit                         0x08008ee7   Thumb Code   104  stm32f4xx_tim.o(.text)
    TIM_TimeBaseStructInit                   0x08008f4f   Thumb Code    18  stm32f4xx_tim.o(.text)
    TIM_PrescalerConfig                      0x08008f61   Thumb Code     6  stm32f4xx_tim.o(.text)
    TIM_CounterModeConfig                    0x08008f67   Thumb Code    18  stm32f4xx_tim.o(.text)
    TIM_SetCounter                           0x08008f79   Thumb Code     4  stm32f4xx_tim.o(.text)
    TIM_SetAutoreload                        0x08008f7d   Thumb Code     4  stm32f4xx_tim.o(.text)
    TIM_GetCounter                           0x08008f81   Thumb Code     6  stm32f4xx_tim.o(.text)
    TIM_GetPrescaler                         0x08008f87   Thumb Code     6  stm32f4xx_tim.o(.text)
    TIM_UpdateDisableConfig                  0x08008f8d   Thumb Code    24  stm32f4xx_tim.o(.text)
    TIM_UpdateRequestConfig                  0x08008fa5   Thumb Code    24  stm32f4xx_tim.o(.text)
    TIM_ARRPreloadConfig                     0x08008fbd   Thumb Code    24  stm32f4xx_tim.o(.text)
    TIM_SelectOnePulseMode                   0x08008fd5   Thumb Code    18  stm32f4xx_tim.o(.text)
    TIM_SetClockDivision                     0x08008fe7   Thumb Code    18  stm32f4xx_tim.o(.text)
    TIM_Cmd                                  0x08008ff9   Thumb Code    24  stm32f4xx_tim.o(.text)
    TIM_OC1Init                              0x08009011   Thumb Code   114  stm32f4xx_tim.o(.text)
    TIM_OC2Init                              0x08009083   Thumb Code   154  stm32f4xx_tim.o(.text)
    TIM_OC3Init                              0x0800911d   Thumb Code   204  stm32f4xx_tim.o(.text)
    TIM_OC4Init                              0x080091e9   Thumb Code   112  stm32f4xx_tim.o(.text)
    TIM_OCStructInit                         0x08009259   Thumb Code    20  stm32f4xx_tim.o(.text)
    TIM_SelectOCxM                           0x0800926d   Thumb Code    86  stm32f4xx_tim.o(.text)
    TIM_SetCompare1                          0x080092c3   Thumb Code     4  stm32f4xx_tim.o(.text)
    TIM_SetCompare2                          0x080092c7   Thumb Code     4  stm32f4xx_tim.o(.text)
    TIM_SetCompare3                          0x080092cb   Thumb Code     4  stm32f4xx_tim.o(.text)
    TIM_SetCompare4                          0x080092cf   Thumb Code     4  stm32f4xx_tim.o(.text)
    TIM_ForcedOC1Config                      0x080092d3   Thumb Code    18  stm32f4xx_tim.o(.text)
    TIM_ForcedOC2Config                      0x080092e5   Thumb Code    26  stm32f4xx_tim.o(.text)
    TIM_ForcedOC3Config                      0x080092ff   Thumb Code    18  stm32f4xx_tim.o(.text)
    TIM_ForcedOC4Config                      0x08009311   Thumb Code    26  stm32f4xx_tim.o(.text)
    TIM_OC1PreloadConfig                     0x0800932b   Thumb Code    18  stm32f4xx_tim.o(.text)
    TIM_OC2PreloadConfig                     0x0800933d   Thumb Code    26  stm32f4xx_tim.o(.text)
    TIM_OC3PreloadConfig                     0x08009357   Thumb Code    18  stm32f4xx_tim.o(.text)
    TIM_OC4PreloadConfig                     0x08009369   Thumb Code    26  stm32f4xx_tim.o(.text)
    TIM_OC1FastConfig                        0x08009383   Thumb Code    18  stm32f4xx_tim.o(.text)
    TIM_OC2FastConfig                        0x08009395   Thumb Code    26  stm32f4xx_tim.o(.text)
    TIM_OC3FastConfig                        0x080093af   Thumb Code    18  stm32f4xx_tim.o(.text)
    TIM_OC4FastConfig                        0x080093c1   Thumb Code    26  stm32f4xx_tim.o(.text)
    TIM_ClearOC1Ref                          0x080093db   Thumb Code    18  stm32f4xx_tim.o(.text)
    TIM_ClearOC2Ref                          0x080093ed   Thumb Code    24  stm32f4xx_tim.o(.text)
    TIM_ClearOC3Ref                          0x08009405   Thumb Code    18  stm32f4xx_tim.o(.text)
    TIM_ClearOC4Ref                          0x08009417   Thumb Code    24  stm32f4xx_tim.o(.text)
    TIM_OC1PolarityConfig                    0x0800942f   Thumb Code    18  stm32f4xx_tim.o(.text)
    TIM_OC1NPolarityConfig                   0x08009441   Thumb Code    18  stm32f4xx_tim.o(.text)
    TIM_OC2PolarityConfig                    0x08009453   Thumb Code    26  stm32f4xx_tim.o(.text)
    TIM_OC2NPolarityConfig                   0x0800946d   Thumb Code    26  stm32f4xx_tim.o(.text)
    TIM_OC3PolarityConfig                    0x08009487   Thumb Code    26  stm32f4xx_tim.o(.text)
    TIM_OC3NPolarityConfig                   0x080094a1   Thumb Code    26  stm32f4xx_tim.o(.text)
    TIM_OC4PolarityConfig                    0x080094bb   Thumb Code    26  stm32f4xx_tim.o(.text)
    TIM_CCxCmd                               0x080094d5   Thumb Code    30  stm32f4xx_tim.o(.text)
    TIM_CCxNCmd                              0x080094f3   Thumb Code    30  stm32f4xx_tim.o(.text)
    TIM_SetIC4Prescaler                      0x08009511   Thumb Code    26  stm32f4xx_tim.o(.text)
    TIM_SetIC3Prescaler                      0x0800957b   Thumb Code    18  stm32f4xx_tim.o(.text)
    TIM_SetIC2Prescaler                      0x080095d5   Thumb Code    26  stm32f4xx_tim.o(.text)
    TIM_SetIC1Prescaler                      0x08009649   Thumb Code    18  stm32f4xx_tim.o(.text)
    TIM_ICInit                               0x08009695   Thumb Code   110  stm32f4xx_tim.o(.text)
    TIM_ICStructInit                         0x08009703   Thumb Code    18  stm32f4xx_tim.o(.text)
    TIM_PWMIConfig                           0x08009715   Thumb Code   124  stm32f4xx_tim.o(.text)
    TIM_GetCapture1                          0x08009791   Thumb Code     6  stm32f4xx_tim.o(.text)
    TIM_GetCapture2                          0x08009797   Thumb Code     6  stm32f4xx_tim.o(.text)
    TIM_GetCapture3                          0x0800979d   Thumb Code     6  stm32f4xx_tim.o(.text)
    TIM_GetCapture4                          0x080097a3   Thumb Code     6  stm32f4xx_tim.o(.text)
    TIM_BDTRConfig                           0x080097a9   Thumb Code    32  stm32f4xx_tim.o(.text)
    TIM_BDTRStructInit                       0x080097c9   Thumb Code    18  stm32f4xx_tim.o(.text)
    TIM_CtrlPWMOutputs                       0x080097db   Thumb Code    30  stm32f4xx_tim.o(.text)
    TIM_SelectCOM                            0x080097f9   Thumb Code    24  stm32f4xx_tim.o(.text)
    TIM_CCPreloadControl                     0x08009811   Thumb Code    24  stm32f4xx_tim.o(.text)
    TIM_ITConfig                             0x08009829   Thumb Code    18  stm32f4xx_tim.o(.text)
    TIM_GenerateEvent                        0x0800983b   Thumb Code     4  stm32f4xx_tim.o(.text)
    TIM_GetFlagStatus                        0x0800983f   Thumb Code    18  stm32f4xx_tim.o(.text)
    TIM_ClearFlag                            0x08009851   Thumb Code     6  stm32f4xx_tim.o(.text)
    TIM_GetITStatus                          0x08009857   Thumb Code    34  stm32f4xx_tim.o(.text)
    TIM_ClearITPendingBit                    0x08009879   Thumb Code     6  stm32f4xx_tim.o(.text)
    TIM_DMAConfig                            0x0800987f   Thumb Code    10  stm32f4xx_tim.o(.text)
    TIM_DMACmd                               0x08009889   Thumb Code    18  stm32f4xx_tim.o(.text)
    TIM_SelectCCDMA                          0x0800989b   Thumb Code    24  stm32f4xx_tim.o(.text)
    TIM_InternalClockConfig                  0x080098b3   Thumb Code    12  stm32f4xx_tim.o(.text)
    TIM_SelectInputTrigger                   0x080098bf   Thumb Code    18  stm32f4xx_tim.o(.text)
    TIM_ITRxExternalClockConfig              0x080098d1   Thumb Code    24  stm32f4xx_tim.o(.text)
    TIM_TIxExternalClockConfig               0x080098e9   Thumb Code    62  stm32f4xx_tim.o(.text)
    TIM_ETRConfig                            0x08009927   Thumb Code    28  stm32f4xx_tim.o(.text)
    TIM_ETRClockMode1Config                  0x08009943   Thumb Code    54  stm32f4xx_tim.o(.text)
    TIM_ETRClockMode2Config                  0x08009979   Thumb Code    32  stm32f4xx_tim.o(.text)
    TIM_SelectOutputTrigger                  0x08009999   Thumb Code    18  stm32f4xx_tim.o(.text)
    TIM_SelectSlaveMode                      0x080099ab   Thumb Code    18  stm32f4xx_tim.o(.text)
    TIM_SelectMasterSlaveMode                0x080099bd   Thumb Code    18  stm32f4xx_tim.o(.text)
    TIM_EncoderInterfaceConfig               0x080099cf   Thumb Code    66  stm32f4xx_tim.o(.text)
    TIM_SelectHallSensor                     0x08009a11   Thumb Code    24  stm32f4xx_tim.o(.text)
    TIM_RemapConfig                          0x08009a29   Thumb Code     6  stm32f4xx_tim.o(.text)
    USART_DeInit                             0x08009a31   Thumb Code   156  stm32f4xx_usart.o(.text)
    USART_Init                               0x08009acd   Thumb Code   204  stm32f4xx_usart.o(.text)
    USART_StructInit                         0x08009b99   Thumb Code    24  stm32f4xx_usart.o(.text)
    USART_ClockInit                          0x08009bb1   Thumb Code    32  stm32f4xx_usart.o(.text)
    USART_ClockStructInit                    0x08009bd1   Thumb Code    12  stm32f4xx_usart.o(.text)
    USART_Cmd                                0x08009bdd   Thumb Code    24  stm32f4xx_usart.o(.text)
    USART_SetPrescaler                       0x08009bf5   Thumb Code    16  stm32f4xx_usart.o(.text)
    USART_OverSampling8Cmd                   0x08009c05   Thumb Code    22  stm32f4xx_usart.o(.text)
    USART_OneBitMethodCmd                    0x08009c1b   Thumb Code    24  stm32f4xx_usart.o(.text)
    USART_SendData                           0x08009c33   Thumb Code     8  stm32f4xx_usart.o(.text)
    USART_ReceiveData                        0x08009c3b   Thumb Code    10  stm32f4xx_usart.o(.text)
    USART_SetAddress                         0x08009c45   Thumb Code    18  stm32f4xx_usart.o(.text)
    USART_ReceiverWakeUpCmd                  0x08009c57   Thumb Code    24  stm32f4xx_usart.o(.text)
    USART_WakeUpConfig                       0x08009c6f   Thumb Code    18  stm32f4xx_usart.o(.text)
    USART_LINBreakDetectLengthConfig         0x08009c81   Thumb Code    18  stm32f4xx_usart.o(.text)
    USART_LINCmd                             0x08009c93   Thumb Code    24  stm32f4xx_usart.o(.text)
    USART_SendBreak                          0x08009cab   Thumb Code    10  stm32f4xx_usart.o(.text)
    USART_HalfDuplexCmd                      0x08009cb5   Thumb Code    24  stm32f4xx_usart.o(.text)
    USART_SetGuardTime                       0x08009ccd   Thumb Code    16  stm32f4xx_usart.o(.text)
    USART_SmartCardCmd                       0x08009cdd   Thumb Code    24  stm32f4xx_usart.o(.text)
    USART_SmartCardNACKCmd                   0x08009cf5   Thumb Code    24  stm32f4xx_usart.o(.text)
    USART_IrDAConfig                         0x08009d0d   Thumb Code    18  stm32f4xx_usart.o(.text)
    USART_IrDACmd                            0x08009d1f   Thumb Code    24  stm32f4xx_usart.o(.text)
    USART_DMACmd                             0x08009d37   Thumb Code    18  stm32f4xx_usart.o(.text)
    USART_ITConfig                           0x08009d49   Thumb Code    74  stm32f4xx_usart.o(.text)
    USART_GetFlagStatus                      0x08009d93   Thumb Code    26  stm32f4xx_usart.o(.text)
    USART_ClearFlag                          0x08009dad   Thumb Code    18  stm32f4xx_usart.o(.text)
    USART_GetITStatus                        0x08009dbf   Thumb Code   110  stm32f4xx_usart.o(.text)
    USART_ClearITPendingBit                  0x08009e2d   Thumb Code    30  stm32f4xx_usart.o(.text)
    USBH_Connected                           0x08009e4d   Thumb Code    12  usbh_core.o(.text)
    USBH_Disconnected                        0x08009e59   Thumb Code    12  usbh_core.o(.text)
    USBH_SOF                                 0x08009e65   Thumb Code     6  usbh_core.o(.text)
    USBH_DeInit                              0x08009e6b   Thumb Code    58  usbh_core.o(.text)
    USBH_Init                                0x08009ea5   Thumb Code    68  usbh_core.o(.text)
    USBH_HandleControl                       0x08009ee9   Thumb Code   544  usbh_core.o(.text)
    USBH_ErrorHandle                         0x0800a109   Thumb Code    46  usbh_core.o(.text)
    USBH_Process                             0x0800a30f   Thumb Code   428  usbh_core.o(.text)
    USBH_Open_Channel                        0x0800a4c1   Thumb Code   154  usbh_hcs.o(.text)
    USBH_Modify_Channel                      0x0800a55b   Thumb Code   100  usbh_hcs.o(.text)
    USBH_Alloc_Channel                       0x0800a5e7   Thumb Code    38  usbh_hcs.o(.text)
    USBH_Free_Channel                        0x0800a60d   Thumb Code    30  usbh_hcs.o(.text)
    USBH_DeAllocate_AllChannel               0x0800a62b   Thumb Code    28  usbh_hcs.o(.text)
    USBH_CtlReq                              0x0800a65f   Thumb Code   100  usbh_ioreq.o(.text)
    USBH_CtlSendSetup                        0x0800a6c3   Thumb Code    66  usbh_ioreq.o(.text)
    USBH_CtlSendData                         0x0800a705   Thumb Code   110  usbh_ioreq.o(.text)
    USBH_CtlReceiveData                      0x0800a773   Thumb Code    70  usbh_ioreq.o(.text)
    USBH_BulkSendData                        0x0800a7b9   Thumb Code    94  usbh_ioreq.o(.text)
    USBH_BulkReceiveData                     0x0800a817   Thumb Code    96  usbh_ioreq.o(.text)
    USBH_InterruptReceiveData                0x0800a877   Thumb Code   120  usbh_ioreq.o(.text)
    USBH_InterruptSendData                   0x0800a8ef   Thumb Code   118  usbh_ioreq.o(.text)
    USBH_IsocReceiveData                     0x0800a965   Thumb Code    70  usbh_ioreq.o(.text)
    USBH_IsocSendData                        0x0800a9ab   Thumb Code    68  usbh_ioreq.o(.text)
    USBH_GetDescriptor                       0x0800aa49   Thumb Code    68  usbh_stdreq.o(.text)
    USBH_Get_DevDesc                         0x0800aa8d   Thumb Code    56  usbh_stdreq.o(.text)
    USBH_GetNextDesc                         0x0800ab0b   Thumb Code    18  usbh_stdreq.o(.text)
    USBH_Get_CfgDesc                         0x0800ac2f   Thumb Code    88  usbh_stdreq.o(.text)
    USBH_Get_StringDesc                      0x0800acbd   Thumb Code    60  usbh_stdreq.o(.text)
    USBH_SetAddress                          0x0800acf9   Thumb Code    38  usbh_stdreq.o(.text)
    USBH_SetCfg                              0x0800ad1f   Thumb Code    38  usbh_stdreq.o(.text)
    USBH_SetInterface                        0x0800ad45   Thumb Code    44  usbh_stdreq.o(.text)
    USBH_ClrFeature                          0x0800ad71   Thumb Code    76  usbh_stdreq.o(.text)
    USBH_Set_Report                          0x0800b315   Thumb Code    52  usbh_hid_core.o(.text)
    USB_OTG_WritePacket                      0x0800b59d   Thumb Code    64  usb_core.o(.text)
    USB_OTG_ReadPacket                       0x0800b5dd   Thumb Code    40  usb_core.o(.text)
    USB_OTG_SelectCore                       0x0800b605   Thumb Code   204  usb_core.o(.text)
    USB_OTG_CoreInit                         0x0800b6d1   Thumb Code   294  usb_core.o(.text)
    USB_OTG_EnableGlobalInt                  0x0800b7f7   Thumb Code    34  usb_core.o(.text)
    USB_OTG_DisableGlobalInt                 0x0800b819   Thumb Code    34  usb_core.o(.text)
    USB_OTG_FlushTxFifo                      0x0800b83b   Thumb Code    80  usb_core.o(.text)
    USB_OTG_FlushRxFifo                      0x0800b88b   Thumb Code    70  usb_core.o(.text)
    USB_OTG_SetCurrentMode                   0x0800b8d1   Thumb Code    78  usb_core.o(.text)
    USB_OTG_GetMode                          0x0800b91f   Thumb Code    22  usb_core.o(.text)
    USB_OTG_IsDeviceMode                     0x0800b935   Thumb Code    22  usb_core.o(.text)
    USB_OTG_IsHostMode                       0x0800b94b   Thumb Code    20  usb_core.o(.text)
    USB_OTG_ReadCoreItr                      0x0800b95f   Thumb Code    16  usb_core.o(.text)
    USB_OTG_ReadOtgItr                       0x0800b96f   Thumb Code     8  usb_core.o(.text)
    USB_OTG_EnableHostInt                    0x0800b977   Thumb Code   116  usb_core.o(.text)
    USB_OTG_ReadHPRT0                        0x0800b9eb   Thumb Code    48  usb_core.o(.text)
    USB_OTG_DriveVbus                        0x0800ba1b   Thumb Code    92  usb_core.o(.text)
    USB_OTG_ResetPort                        0x0800ba77   Thumb Code    64  usb_core.o(.text)
    USB_OTG_InitFSLSPClkSel                  0x0800bab7   Thumb Code    24  usb_core.o(.text)
    USB_OTG_CoreInitHost                     0x0800bacf   Thumb Code   216  usb_core.o(.text)
    USB_OTG_IsEvenFrame                      0x0800bba7   Thumb Code    16  usb_core.o(.text)
    USB_OTG_ReadHostAllChannels_intr         0x0800bbb7   Thumb Code     8  usb_core.o(.text)
    USB_OTG_HC_Init                          0x0800bbbf   Thumb Code   568  usb_core.o(.text)
    USB_OTG_HC_StartXfer                     0x0800bdf7   Thumb Code   502  usb_core.o(.text)
    USB_OTG_HC_Halt                          0x0800bfed   Thumb Code   130  usb_core.o(.text)
    USB_OTG_HC_DoPing                        0x0800c06f   Thumb Code    90  usb_core.o(.text)
    USB_OTG_StopHost                         0x0800c0c9   Thumb Code    96  usb_core.o(.text)
    USB_OTG_InitDevSpeed                     0x0800c129   Thumb Code    24  usb_core.o(.text)
    USB_OTG_EnableDevInt                     0x0800c141   Thumb Code   154  usb_core.o(.text)
    USB_OTG_CoreInitDev                      0x0800c1db   Thumb Code   522  usb_core.o(.text)
    USB_OTG_GetDeviceSpeed                   0x0800c3e5   Thumb Code    52  usb_core.o(.text)
    USB_OTG_EP0Activate                      0x0800c419   Thumb Code   106  usb_core.o(.text)
    USB_OTG_EPActivate                       0x0800c483   Thumb Code   152  usb_core.o(.text)
    USB_OTG_EPDeactivate                     0x0800c51b   Thumb Code    94  usb_core.o(.text)
    USB_OTG_EPStartXfer                      0x0800c579   Thumb Code   502  usb_core.o(.text)
    USB_OTG_EP0StartXfer                     0x0800c76f   Thumb Code   342  usb_core.o(.text)
    USB_OTG_EPSetStall                       0x0800c8c5   Thumb Code   100  usb_core.o(.text)
    USB_OTG_EPClearStall                     0x0800c929   Thumb Code    80  usb_core.o(.text)
    USB_OTG_ReadDevAllOutEp_itr              0x0800c979   Thumb Code    16  usb_core.o(.text)
    USB_OTG_ReadDevOutEP_itr                 0x0800c989   Thumb Code    20  usb_core.o(.text)
    USB_OTG_ReadDevAllInEPItr                0x0800c99d   Thumb Code    16  usb_core.o(.text)
    USB_OTG_EP0_OutStart                     0x0800c9ad   Thumb Code    98  usb_core.o(.text)
    USB_OTG_ActiveRemoteWakeup               0x0800ca0f   Thumb Code   106  usb_core.o(.text)
    USB_OTG_UngateClock                      0x0800ca79   Thumb Code    54  usb_core.o(.text)
    USB_OTG_StopDevice                       0x0800caaf   Thumb Code    82  usb_core.o(.text)
    USB_OTG_GetEPStatus                      0x0800cb01   Thumb Code   106  usb_core.o(.text)
    USB_OTG_SetEPStatus                      0x0800cb6b   Thumb Code   282  usb_core.o(.text)
    HCD_Init                                 0x0800cc85   Thumb Code    96  usb_hcd.o(.text)
    HCD_GetCurrentSpeed                      0x0800cce5   Thumb Code    20  usb_hcd.o(.text)
    HCD_ResetPort                            0x0800ccf9   Thumb Code    14  usb_hcd.o(.text)
    HCD_IsDeviceConnected                    0x0800cd07   Thumb Code     8  usb_hcd.o(.text)
    HCD_GetCurrentFrame                      0x0800cd0f   Thumb Code    10  usb_hcd.o(.text)
    HCD_GetURB_State                         0x0800cd19   Thumb Code    10  usb_hcd.o(.text)
    HCD_GetXferCnt                           0x0800cd23   Thumb Code    12  usb_hcd.o(.text)
    HCD_GetHCState                           0x0800cd2f   Thumb Code    10  usb_hcd.o(.text)
    HCD_HC_Init                              0x0800cd39   Thumb Code    16  usb_hcd.o(.text)
    HCD_SubmitRequest                        0x0800cd49   Thumb Code    32  usb_hcd.o(.text)
    USBH_OTG_ISR_Handler                     0x0800db43   Thumb Code   168  usb_hcd_int.o(.text)
    USBD_DeInit                              0x0800dbf1   Thumb Code     6  usbd_core.o(.text)
    USBD_Init                                0x0800dbf7   Thumb Code    66  usbd_core.o(.text)
    USBD_SetCfg                              0x0800de8b   Thumb Code    30  usbd_core.o(.text)
    USBD_ClrCfg                              0x0800dea9   Thumb Code    22  usbd_core.o(.text)
    USBD_CtlSendData                         0x0800dee9   Thumb Code    46  usbd_ioreq.o(.text)
    USBD_CtlContinueSendData                 0x0800df17   Thumb Code    30  usbd_ioreq.o(.text)
    USBD_CtlPrepareRx                        0x0800df35   Thumb Code    46  usbd_ioreq.o(.text)
    USBD_CtlContinueRx                       0x0800df63   Thumb Code    30  usbd_ioreq.o(.text)
    USBD_CtlSendStatus                       0x0800df81   Thumb Code    36  usbd_ioreq.o(.text)
    USBD_CtlReceiveStatus                    0x0800dfa5   Thumb Code    36  usbd_ioreq.o(.text)
    USBD_GetRxCount                          0x0800dfc9   Thumb Code    20  usbd_ioreq.o(.text)
    USBD_CtlError                            0x0800dfdd   Thumb Code    30  usbd_req.o(.text)
    USBD_StdDevReq                           0x0800e3c5   Thumb Code   114  usbd_req.o(.text)
    USBD_StdItfReq                           0x0800e437   Thumb Code    76  usbd_req.o(.text)
    USBD_StdEPReq                            0x0800e483   Thumb Code   360  usbd_req.o(.text)
    USBD_ParseSetupRequest                   0x0800e5eb   Thumb Code    72  usbd_req.o(.text)
    USBD_GetString                           0x0800e647   Thumb Code    82  usbd_req.o(.text)
    DCD_Init                                 0x0800e9cd   Thumb Code   156  usb_dcd.o(.text)
    DCD_EP_Open                              0x0800ea69   Thumb Code   104  usb_dcd.o(.text)
    DCD_EP_Close                             0x0800ead1   Thumb Code    74  usb_dcd.o(.text)
    DCD_EP_PrepareRx                         0x0800eb1b   Thumb Code    82  usb_dcd.o(.text)
    DCD_EP_Tx                                0x0800eb6d   Thumb Code    78  usb_dcd.o(.text)
    DCD_EP_Stall                             0x0800ebbb   Thumb Code    72  usb_dcd.o(.text)
    DCD_EP_ClrStall                          0x0800ec03   Thumb Code    72  usb_dcd.o(.text)
    DCD_EP_Flush                             0x0800ec4b   Thumb Code    36  usb_dcd.o(.text)
    DCD_EP_SetAddress                        0x0800ec6f   Thumb Code    28  usb_dcd.o(.text)
    DCD_DevConnect                           0x0800ec8b   Thumb Code    32  usb_dcd.o(.text)
    DCD_DevDisconnect                        0x0800ecab   Thumb Code    34  usb_dcd.o(.text)
    DCD_GetEPStatus                          0x0800eccd   Thumb Code    64  usb_dcd.o(.text)
    DCD_SetEPStatus                          0x0800ed0d   Thumb Code    62  usb_dcd.o(.text)
    USBD_OTG_ISR_Handler                     0x0800f3d7   Thumb Code   224  usb_dcd_int.o(.text)
    __2sprintf                               0x0800f4bd   Thumb Code    34  noretval__2sprintf.o(.text)
    _printf_pre_padding                      0x0800f4e5   Thumb Code    44  _printf_pad.o(.text)
    _printf_post_padding                     0x0800f511   Thumb Code    34  _printf_pad.o(.text)
    _printf_str                              0x0800f533   Thumb Code    82  _printf_str.o(.text)
    _printf_int_hex                          0x0800f585   Thumb Code    84  _printf_hex_int.o(.text)
    _printf_longlong_hex                     0x0800f585   Thumb Code     0  _printf_hex_int.o(.text)
    __printf                                 0x0800f5dd   Thumb Code   308  __printf_flags_wp.o(.text)
    __0sscanf                                0x0800f715   Thumb Code    52  __0sscanf.o(.text)
    _scanf_int                               0x0800f751   Thumb Code   332  _scanf_int.o(.text)
    strcat                                   0x0800f89d   Thumb Code    24  strcat.o(.text)
    __aeabi_memcpy                           0x0800f8b5   Thumb Code     0  rt_memcpy_v6.o(.text)
    __rt_memcpy                              0x0800f8b5   Thumb Code   138  rt_memcpy_v6.o(.text)
    _memcpy_lastbytes                        0x0800f91b   Thumb Code     0  rt_memcpy_v6.o(.text)
    __aeabi_memcpy4                          0x0800f93f   Thumb Code     0  rt_memcpy_w.o(.text)
    __aeabi_memcpy8                          0x0800f93f   Thumb Code     0  rt_memcpy_w.o(.text)
    __rt_memcpy_w                            0x0800f93f   Thumb Code   100  rt_memcpy_w.o(.text)
    _memcpy_lastbytes_aligned                0x0800f987   Thumb Code     0  rt_memcpy_w.o(.text)
    __aeabi_memclr                           0x0800f9a3   Thumb Code     0  rt_memclr.o(.text)
    __rt_memclr                              0x0800f9a3   Thumb Code    68  rt_memclr.o(.text)
    _memset                                  0x0800f9a7   Thumb Code     0  rt_memclr.o(.text)
    __aeabi_memclr4                          0x0800f9e7   Thumb Code     0  rt_memclr_w.o(.text)
    __aeabi_memclr8                          0x0800f9e7   Thumb Code     0  rt_memclr_w.o(.text)
    __rt_memclr_w                            0x0800f9e7   Thumb Code    78  rt_memclr_w.o(.text)
    _memset_w                                0x0800f9eb   Thumb Code     0  rt_memclr_w.o(.text)
    __use_two_region_memory                  0x0800fa35   Thumb Code     2  heapauxi.o(.text)
    __rt_heap_escrow$2region                 0x0800fa37   Thumb Code     2  heapauxi.o(.text)
    __rt_heap_expand$2region                 0x0800fa39   Thumb Code     2  heapauxi.o(.text)
    __read_errno                             0x0800fa3b   Thumb Code    10  _rserrno.o(.text)
    __set_errno                              0x0800fa45   Thumb Code    12  _rserrno.o(.text)
    _printf_int_common                       0x0800fa51   Thumb Code   178  _printf_intcommon.o(.text)
    _printf_char_common                      0x0800fb0f   Thumb Code    32  _printf_char_common.o(.text)
    _sputc                                   0x0800fb35   Thumb Code    10  _sputc.o(.text)
    _printf_cs_common                        0x0800fb3f   Thumb Code    20  _printf_char.o(.text)
    _printf_char                             0x0800fb53   Thumb Code    16  _printf_char.o(.text)
    _printf_string                           0x0800fb63   Thumb Code     8  _printf_char.o(.text)
    _chval                                   0x0800fb6b   Thumb Code    28  _chval.o(.text)
    __vfscanf_char                           0x0800fb95   Thumb Code    24  scanf_char.o(.text)
    _sgetc                                   0x0800fbb5   Thumb Code    30  _sgetc.o(.text)
    _sbackspace                              0x0800fbd3   Thumb Code    34  _sgetc.o(.text)
    __aeabi_errno_addr                       0x0800fbf5   Thumb Code     8  rt_errno_addr_intlibspace.o(.text)
    __errno$intlibspace                      0x0800fbf5   Thumb Code     0  rt_errno_addr_intlibspace.o(.text)
    __rt_errno_addr$intlibspace              0x0800fbf5   Thumb Code     0  rt_errno_addr_intlibspace.o(.text)
    isspace                                  0x0800fbfd   Thumb Code    18  isspace.o(.text)
    __vfscanf                                0x0800fc11   Thumb Code   878  _scanf.o(.text)
    __user_libspace                          0x0800ff85   Thumb Code     8  libspace.o(.text)
    __user_perproc_libspace                  0x0800ff85   Thumb Code     0  libspace.o(.text)
    __user_perthread_libspace                0x0800ff85   Thumb Code     0  libspace.o(.text)
    __user_setup_stackheap                   0x0800ff8d   Thumb Code    74  sys_stackheap_outer.o(.text)
    __rt_ctype_table                         0x0800ffd9   Thumb Code    16  rt_ctype_table.o(.text)
    exit                                     0x0800ffe9   Thumb Code    18  exit.o(.text)
    __rt_locale                              0x0800fffd   Thumb Code     8  rt_locale_intlibspace.o(.text)
    strcmp                                   0x08010005   Thumb Code   128  strcmpv7m.o(.text)
    _sys_exit                                0x08010085   Thumb Code     8  sys_exit.o(.text)
    __I$use$semihosting                      0x08010091   Thumb Code     0  use_no_semi.o(.text)
    __use_no_semihosting_swi                 0x08010091   Thumb Code     2  use_no_semi.o(.text)
    __ARM_fpclassify                         0x08010093   Thumb Code    48  fpclassify.o(i.__ARM_fpclassify)
    __semihosting_library_function           0x08010093   Thumb Code     0  indicate_semi.o(.text)
    __hardfp_atan                            0x080100c9   Thumb Code   622  atan.o(i.__hardfp_atan)
    __hardfp_atan2                           0x080103a1   Thumb Code   432  atan2.o(i.__hardfp_atan2)
    __hardfp_ceil                            0x08010591   Thumb Code   252  ceil.o(i.__hardfp_ceil)
    __hardfp_cos                             0x080106a9   Thumb Code   180  cos.o(i.__hardfp_cos)
    __hardfp_pow                             0x08010771   Thumb Code  3072  pow.o(i.__hardfp_pow)
    __hardfp_sin                             0x080113c1   Thumb Code   180  sin.o(i.__hardfp_sin)
    __ieee754_rem_pio2                       0x08011489   Thumb Code   938  rred.o(i.__ieee754_rem_pio2)
    __kernel_cos                             0x080118c1   Thumb Code   322  cos_i.o(i.__kernel_cos)
    __kernel_poly                            0x08011a31   Thumb Code   248  poly.o(i.__kernel_poly)
    __kernel_sin                             0x08011b29   Thumb Code   280  sin_i.o(i.__kernel_sin)
    __mathlib_dbl_divzero                    0x08011c59   Thumb Code    28  dunder.o(i.__mathlib_dbl_divzero)
    __mathlib_dbl_infnan                     0x08011c89   Thumb Code    20  dunder.o(i.__mathlib_dbl_infnan)
    __mathlib_dbl_infnan2                    0x08011c9d   Thumb Code    20  dunder.o(i.__mathlib_dbl_infnan2)
    __mathlib_dbl_invalid                    0x08011cb1   Thumb Code    24  dunder.o(i.__mathlib_dbl_invalid)
    __mathlib_dbl_overflow                   0x08011cd1   Thumb Code    24  dunder.o(i.__mathlib_dbl_overflow)
    __mathlib_dbl_underflow                  0x08011cf1   Thumb Code    24  dunder.o(i.__mathlib_dbl_underflow)
    _is_digit                                0x08011d11   Thumb Code    14  __printf_wp.o(i._is_digit)
    atan                                     0x08011d1f   Thumb Code    16  atan.o(i.atan)
    fabs                                     0x08011d2f   Thumb Code    24  fabs.o(i.fabs)
    sqrt                                     0x08011d47   Thumb Code   110  sqrt.o(i.sqrt)
    _get_lc_ctype                            0x08011db5   Thumb Code    44  lc_ctype_c.o(locale$$code)
    __aeabi_dneg                             0x08011de1   Thumb Code     0  basic.o(x$fpl$basic)
    _dneg                                    0x08011de1   Thumb Code     6  basic.o(x$fpl$basic)
    __aeabi_fneg                             0x08011de7   Thumb Code     0  basic.o(x$fpl$basic)
    _fneg                                    0x08011de7   Thumb Code     6  basic.o(x$fpl$basic)
    _dabs                                    0x08011ded   Thumb Code     6  basic.o(x$fpl$basic)
    _fabs                                    0x08011df3   Thumb Code     6  basic.o(x$fpl$basic)
    __aeabi_d2f                              0x08011df9   Thumb Code     0  d2f.o(x$fpl$d2f)
    _d2f                                     0x08011df9   Thumb Code    98  d2f.o(x$fpl$d2f)
    __aeabi_dadd                             0x08011e5d   Thumb Code     0  daddsub_clz.o(x$fpl$dadd)
    _dadd                                    0x08011e5d   Thumb Code   332  daddsub_clz.o(x$fpl$dadd)
    __fpl_dcheck_NaN1                        0x08011fad   Thumb Code    10  dcheck1.o(x$fpl$dcheck1)
    __fpl_dcmp_Inf                           0x08011fbd   Thumb Code    24  dcmpi.o(x$fpl$dcmpinf)
    __aeabi_ddiv                             0x08011fd5   Thumb Code     0  ddiv.o(x$fpl$ddiv)
    _ddiv                                    0x08011fd5   Thumb Code   552  ddiv.o(x$fpl$ddiv)
    __aeabi_d2iz                             0x08012285   Thumb Code     0  dfix.o(x$fpl$dfix)
    _dfix                                    0x08012285   Thumb Code    94  dfix.o(x$fpl$dfix)
    __aeabi_d2uiz                            0x080122e5   Thumb Code     0  dfixu.o(x$fpl$dfixu)
    _dfixu                                   0x080122e5   Thumb Code    90  dfixu.o(x$fpl$dfixu)
    __aeabi_i2d                              0x0801233f   Thumb Code     0  dflt_clz.o(x$fpl$dflt)
    _dflt                                    0x0801233f   Thumb Code    46  dflt_clz.o(x$fpl$dflt)
    __aeabi_ui2d                             0x0801236d   Thumb Code     0  dflt_clz.o(x$fpl$dfltu)
    _dfltu                                   0x0801236d   Thumb Code    38  dflt_clz.o(x$fpl$dfltu)
    __aeabi_cdcmple                          0x08012395   Thumb Code     0  dleqf.o(x$fpl$dleqf)
    _dcmple                                  0x08012395   Thumb Code   120  dleqf.o(x$fpl$dleqf)
    __fpl_dcmple_InfNaN                      0x080123f7   Thumb Code     0  dleqf.o(x$fpl$dleqf)
    __aeabi_dmul                             0x0801240d   Thumb Code     0  dmul.o(x$fpl$dmul)
    _dmul                                    0x0801240d   Thumb Code   332  dmul.o(x$fpl$dmul)
    __fpl_dnaninf                            0x08012561   Thumb Code   156  dnaninf.o(x$fpl$dnaninf)
    __fpl_dretinf                            0x080125fd   Thumb Code    12  dretinf.o(x$fpl$dretinf)
    __aeabi_cdrcmple                         0x08012609   Thumb Code     0  drleqf.o(x$fpl$drleqf)
    _drcmple                                 0x08012609   Thumb Code   108  drleqf.o(x$fpl$drleqf)
    __aeabi_drsub                            0x08012675   Thumb Code     0  daddsub_clz.o(x$fpl$drsb)
    _drsb                                    0x08012675   Thumb Code    22  daddsub_clz.o(x$fpl$drsb)
    _dsqrt                                   0x0801268d   Thumb Code   404  dsqrt_umaal.o(x$fpl$dsqrt)
    __aeabi_dsub                             0x08012825   Thumb Code     0  daddsub_clz.o(x$fpl$dsub)
    _dsub                                    0x08012825   Thumb Code   464  daddsub_clz.o(x$fpl$dsub)
    __aeabi_f2d                              0x080129f9   Thumb Code     0  f2d.o(x$fpl$f2d)
    _f2d                                     0x080129f9   Thumb Code    86  f2d.o(x$fpl$f2d)
    __fpl_fnaninf                            0x08012a4f   Thumb Code   140  fnaninf.o(x$fpl$fnaninf)
    _fp_init                                 0x08012adb   Thumb Code    10  fpinit.o(x$fpl$fpinit)
    __fplib_config_fpu_vfp                   0x08012ae3   Thumb Code     0  fpinit.o(x$fpl$fpinit)
    __fplib_config_pureend_doubles           0x08012ae3   Thumb Code     0  fpinit.o(x$fpl$fpinit)
    __fpl_fretinf                            0x08012ae5   Thumb Code    10  fretinf.o(x$fpl$fretinf)
    __fpl_return_NaN                         0x08012aef   Thumb Code   100  retnan.o(x$fpl$retnan)
    __ARM_scalbn                             0x08012b53   Thumb Code    92  scalbn.o(x$fpl$scalbn)
    __fpl_cmpreturn                          0x08012baf   Thumb Code    48  trapv.o(x$fpl$trapveneer)
    __I$use$fp                               0x08012bde   Number         0  usenofp.o(x$fpl$usenofp)
    __mathlib_zero                           0x080132b0   Data           8  qnan.o(.constdata)
    Region$$Table$$Base                      0x080133a8   Number         0  anon$$obj.o(Region$$Table)
    Region$$Table$$Limit                     0x080133c8   Number         0  anon$$obj.o(Region$$Table)
    __ctype                                  0x080133d5   Data           0  lc_ctype_c.o(locale$$data)
    receive_flag                             0x20000000   Data           4  nrf24l01.o(.data)
    packet_flag                              0x20000004   Data           1  packet.o(.data)
    identify_buf_ptr                         0x20000008   Data           4  packet.o(.data)
    identify_success                         0x2000000c   Data           1  packet.o(.data)
    wheel_reduction_ratio_x_set              0x20000040   Data           4  robot.o(.data)
    wheel_reduction_ratio_yz_set             0x20000044   Data           4  robot.o(.data)
    max_shot_strength_set                    0x20000048   Data           4  robot.o(.data)
    startpoint                               0x2000004c   Data           1  robot.o(.data)
    steplength                               0x2000004d   Data           1  robot.o(.data)
    g_do_set_receive_mode_flag               0x2000004e   Data           1  robot.o(.data)
    g_set_receive_mode_flag                  0x2000004f   Data           1  robot.o(.data)
    forcestopcounter                         0x20000050   Data           4  robot.o(.data)
    last_beep                                0x20000054   Data           1  robot.o(.data)
    is_low_power_cnt                         0x20000055   Data           1  robot.o(.data)
    g_pid_timer_cnt                          0x20000056   Data           1  robot.o(.data)
    power_mon_timer                          0x20000058   Data           8  robot.o(.data)
    heart_led_timer                          0x20000060   Data           8  robot.o(.data)
    rf_comm_tim                              0x20000068   Data           8  robot.o(.data)
    identify_cpuid_tim                       0x20000070   Data           8  robot.o(.data)
    gyro_mon_timer                           0x20000078   Data           8  robot.o(.data)
    shoot_interval_timer                     0x20000080   Data           8  robot.o(.data)
    SystemCoreClock                          0x20000094   Data           4  system_stm32f4xx.o(.data)
    AHBPrescTable                            0x20000098   Data          16  system_stm32f4xx.o(.data)
    sys_tick                                 0x200000a8   Data           8  timer.o(.data)
    uart_rx_buf_cnt                          0x200000b0   Data           1  usart_ble.o(.data)
    uart_tx_buf_cnt                          0x200000b1   Data           1  usart_ble.o(.data)
    uart_rx_buf_ptr                          0x200000b2   Data           1  usart_ble.o(.data)
    ble_ack_ok                               0x200000b3   Data           1  usart_ble.o(.data)
    g_is_uart_get_a_packet                   0x200000b4   Data           1  usart_ble.o(.data)
    g_is_uart_sent_a_packet                  0x200000b5   Data           1  usart_ble.o(.data)
    g_is_uart_get_packet_num                 0x200000b6   Data           1  usart_ble.o(.data)
    g_is_uart_sent_packet_num                0x200000b7   Data           1  usart_ble.o(.data)
    shooter                                  0x200000b8   Data           1  action.o(.data)
    g_is_shoot_set                           0x200000b9   Data           1  action.o(.data)
    is_action_shoot                          0x200000ba   Data           1  action.o(.data)
    shoot_power_curve_a                      0x200000bc   Data           4  action.o(.data)
    shoot_power_curve_b                      0x200000c0   Data           4  action.o(.data)
    dribbler_power_amp                       0x200000c4   Data           4  action.o(.data)
    type                                     0x200000d8   Data           1  comm.o(.data)
    packet_cnt                               0x200000d9   Data           1  comm.o(.data)
    gyro_control_flag                        0x200000da   Data           1  comm.o(.data)
    error_flag                               0x200000f8   Data           1  error_event.o(.data)
    BAUDRATE_ENUM                            0x200000f9   Data           1  hm_bluetooth.o(.data)
    CONNECT_MODE_EUNM                        0x200000fa   Data           1  hm_bluetooth.o(.data)
    DATA_TRANSER_SPEED_ENUM                  0x200000fb   Data           1  hm_bluetooth.o(.data)
    EDR_WORK_MODE_ENUM                       0x200000fc   Data           1  hm_bluetooth.o(.data)
    CONNECT_NOTIFY_ENUM                      0x200000fd   Data           1  hm_bluetooth.o(.data)
    PIO1_LED_STATUS_ENUM                     0x200000fe   Data           1  hm_bluetooth.o(.data)
    Hm_bluetooth_connect_flag                0x200000ff   Data           1  hm_bluetooth.o(.data)
    bluetooth_code                           0x20000100   Data           6  hm_bluetooth.o(.data)
    encrpty_cpuid                            0x20000106   Data           8  init.o(.data)
    usb_host_device_mode                     0x2000010e   Data           1  init.o(.data)
    eeprom_blue_init_flag                    0x2000010f   Data           1  init.o(.data)
    encoder_tab                              0x20000120   Data          16  motor.o(.data)
    is_motor_run                             0x20000130   Data           1  motor.o(.data)
    z_factory                                0x20000134   Data           8  mpu6050_driver.o(.data)
    angel_z                                  0x2000013c   Data           4  mpu6050_driver.o(.data)
    angel_x                                  0x20000140   Data           4  mpu6050_driver.o(.data)
    angel_y                                  0x20000144   Data           4  mpu6050_driver.o(.data)
    adc_offset_gyro_z                        0x20000148   Data           4  mpu6050_driver.o(.data)
    HSEStartUpStatus                         0x20000150   Data           1  usb_bsp.o(.data)
    BSP_delay                                0x20000154   Data           4  usb_bsp.o(.data)
    linecoding                               0x20000158   Data           8  usbd_cdc_vcp.o(.data)
    USB_Receive_ok                           0x20000160   Data           1  usbd_cdc_vcp.o(.data)
    usb_receive_ptr                          0x20000162   Data           2  usbd_cdc_vcp.o(.data)
    usb_receive_cnt                          0x20000164   Data           2  usbd_cdc_vcp.o(.data)
    VCP_fops                                 0x20000168   Data          20  usbd_cdc_vcp.o(.data)
    USR_desc                                 0x2000017c   Data          28  usbd_desc.o(.data)
    USBD_DeviceDesc                          0x20000198   Data          18  usbd_desc.o(.data)
    USBD_DeviceQualifierDesc                 0x200001aa   Data          10  usbd_desc.o(.data)
    USBD_LangIDDesc                          0x200001b4   Data           4  usbd_desc.o(.data)
    USR_cb                                   0x200001b8   Data          28  usbd_usr.o(.data)
    KeybrdCharXpos                           0x200001d4   Data           1  usbh_usr.o(.data)
    KeybrdCharYpos                           0x200001d6   Data           2  usbh_usr.o(.data)
    x_loc                                    0x200001d8   Data           2  usbh_usr.o(.data)
    y_loc                                    0x200001da   Data           2  usbh_usr.o(.data)
    prev_x                                   0x200001dc   Data           2  usbh_usr.o(.data)
    prev_y                                   0x200001de   Data           2  usbh_usr.o(.data)
    USR_Callbacks                            0x200001e0   Data          72  usbh_usr.o(.data)
    USBH_HCD_INT_cb                          0x2000023c   Data          12  usbh_core.o(.data)
    USBH_HCD_INT_fops                        0x20000248   Data           4  usbh_core.o(.data)
    HID_Setup                                0x20000254   Data           8  usbh_hid_core.o(.data)
    start_toggle                             0x2000025c   Data           1  usbh_hid_core.o(.data)
    HID_callb                                0x20000260   Data          16  usbh_hid_core.o(.data)
    HID_JOYSTICK_cb                          0x20000270   Data           8  usbh_hid_joystick.o(.data)
    HID_KEYBRD_cb                            0x20000278   Data           8  usbh_hid_keybd.o(.data)
    HID_MOUSE_Data                           0x20000298   Data           4  usbh_hid_mouse.o(.data)
    HID_MOUSE_cb                             0x2000029c   Data           8  usbh_hid_mouse.o(.data)
    SET_TEST_MODE                            0x200002a4   Data           4  usbd_core.o(.data)
    USBD_DCD_INT_cb                          0x200002a8   Data          44  usbd_core.o(.data)
    USBD_DCD_INT_fops                        0x200002d4   Data           4  usbd_core.o(.data)
    USBD_ep_status                           0x200002d8   Data           4  usbd_req.o(.data)
    USBD_default_cfg                         0x200002dc   Data           4  usbd_req.o(.data)
    USBD_cfg_status                          0x200002e0   Data           4  usbd_req.o(.data)
    CmdBuff                                  0x200002ec   Data           8  usbd_cdc_core.o(.data)
    APP_Rx_ptr_in                            0x200002f4   Data           4  usbd_cdc_core.o(.data)
    APP_Rx_ptr_out                           0x200002f8   Data           4  usbd_cdc_core.o(.data)
    APP_Rx_length                            0x200002fc   Data           4  usbd_cdc_core.o(.data)
    USB_Tx_State                             0x20000300   Data           1  usbd_cdc_core.o(.data)
    USBD_CDC_cb                              0x2000030c   Data          44  usbd_cdc_core.o(.data)
    usbd_cdc_CfgDesc                         0x20000338   Data          67  usbd_cdc_core.o(.data)
    nRF24L01_dev                             0x20000380   Data         280  nrf24l01.o(.bss)
    gyro_pid                                 0x20000498   Data          52  pid.o(.bss)
    g_robot                                  0x200004d0   Data        8352  robot.o(.bss)
    uart_rx_buf                              0x20002570   Data         256  usart_ble.o(.bss)
    uart_tx_buf                              0x20002670   Data         256  usart_ble.o(.bss)
    buf_packet_ok                            0x20002770   Data          25  usart_ble.o(.bss)
    g_shooter                                0x2000278c   Data          16  action.o(.bss)
    g_rf_comm                                0x2000279c   Data          32  comm.o(.bss)
    joystick_packet                          0x200027bc   Data          28  comm.o(.bss)
    identify_data                            0x200027d8   Data         260  comm.o(.bss)
    bluetooth_name                           0x200028eb   Data          10  hm_bluetooth.o(.bss)
    cpuID                                    0x200028f8   Data          12  init.o(.bss)
    cpuid_data                               0x20002904   Data          12  init.o(.bss)
    acc_gyro_adc                             0x20002924   Data          12  mpu6050_driver.o(.bss)
    acc_gyro_actul                           0x20002930   Data          24  mpu6050_driver.o(.bss)
    acc_agro_angel                           0x20002948   Data          24  mpu6050_driver.o(.bss)
    adc_offset_buf                           0x20002960   Data          20  mpu6050_driver.o(.bss)
    USART_InitStructure                      0x20002974   Data          16  usbd_cdc_vcp.o(.bss)
    USB_Receive_Buffer                       0x20002984   Data          64  usbd_cdc_vcp.o(.bss)
    USB_Tx_Buffer                            0x200029c4   Data          64  usbd_cdc_vcp.o(.bss)
    USB_OTG_Core_dev                         0x20002a04   Data        2704  usbh_core.o(.bss)
    USB_Host                                 0x20003494   Data         132  usbh_core.o(.bss)
    USBH_CfgDesc                             0x20003518   Data         512  usbh_stdreq.o(.bss)
    HID_Machine                              0x20003718   Data          84  usbh_hid_core.o(.bss)
    HID_Report                               0x2000376c   Data          72  usbh_hid_core.o(.bss)
    HID_Desc                                 0x200037b4   Data          10  usbh_hid_core.o(.bss)
    HID_JOYSTICK_Data                        0x200037be   Data          20  usbh_hid_joystick.o(.bss)
    USB_OTG_dev                              0x200037d4   Data        2704  usbd_core.o(.bss)
    USBD_StrDesc                             0x20004264   Data         255  usbd_req.o(.bss)
    usbd_cdc_OtherCfgDesc                    0x20004363   Data          67  usbd_cdc_core.o(.bss)
    USB_Rx_Buffer                            0x200043a6   Data          64  usbd_cdc_core.o(.bss)
    APP_Rx_Buffer                            0x200043e6   Data        2048  usbd_cdc_core.o(.bss)
    __libspace_start                         0x20004be8   Data          96  libspace.o(.bss)
    __temporary_stack_top$libspace           0x20004c48   Data           0  libspace.o(.bss)



==============================================================================

Memory Map of the image

  Image Entry point : 0x08000189

  Load Region LR_IROM1 (Base: 0x08000000, Size: 0x00013858, Max: 0x00080000, ABSOLUTE, COMPRESSED[0x00013668])

    Execution Region ER_IROM1 (Exec base: 0x08000000, Load base: 0x08000000, Size: 0x000134d8, Max: 0x00080000, ABSOLUTE)

    Exec Addr    Load Addr    Size         Type   Attr      Idx    E Section Name        Object

    0x08000000   0x08000000   0x00000188   Data   RO          793    RESET               startup_stm32f4xx.o
    0x08000188   0x08000188   0x00000008   Code   RO         1879  * !!!main             c_w.l(__main.o)
    0x08000190   0x08000190   0x00000034   Code   RO         2256    !!!scatter          c_w.l(__scatter.o)
    0x080001c4   0x080001c4   0x0000005a   Code   RO         2254    !!dczerorl2         c_w.l(__dczerorl2.o)
    0x0800021e   0x0800021e   0x00000002   PAD
    0x08000220   0x08000220   0x0000001c   Code   RO         2258    !!handler_zi        c_w.l(__scatter_zi.o)
    0x0800023c   0x0800023c   0x00000000   Code   RO         1862    .ARM.Collect$$_printf_percent$$00000000  c_w.l(_printf_percent.o)
    0x0800023c   0x0800023c   0x00000006   Code   RO         1861    .ARM.Collect$$_printf_percent$$0000000C  c_w.l(_printf_x.o)
    0x08000242   0x08000242   0x00000006   Code   RO         1860    .ARM.Collect$$_printf_percent$$00000014  c_w.l(_printf_s.o)
    0x08000248   0x08000248   0x00000004   Code   RO         1982    .ARM.Collect$$_printf_percent$$00000017  c_w.l(_printf_percent_end.o)
    0x0800024c   0x0800024c   0x00000002   Code   RO         2113    .ARM.Collect$$libinit$$00000000  c_w.l(libinit.o)
    0x0800024e   0x0800024e   0x00000004   Code   RO         2126    .ARM.Collect$$libinit$$00000001  c_w.l(libinit2.o)
    0x08000252   0x08000252   0x00000000   Code   RO         2129    .ARM.Collect$$libinit$$00000004  c_w.l(libinit2.o)
    0x08000252   0x08000252   0x00000000   Code   RO         2132    .ARM.Collect$$libinit$$0000000A  c_w.l(libinit2.o)
    0x08000252   0x08000252   0x00000000   Code   RO         2134    .ARM.Collect$$libinit$$0000000C  c_w.l(libinit2.o)
    0x08000252   0x08000252   0x00000000   Code   RO         2136    .ARM.Collect$$libinit$$0000000E  c_w.l(libinit2.o)
    0x08000252   0x08000252   0x00000006   Code   RO         2137    .ARM.Collect$$libinit$$0000000F  c_w.l(libinit2.o)
    0x08000258   0x08000258   0x00000000   Code   RO         2139    .ARM.Collect$$libinit$$00000011  c_w.l(libinit2.o)
    0x08000258   0x08000258   0x0000000c   Code   RO         2140    .ARM.Collect$$libinit$$00000012  c_w.l(libinit2.o)
    0x08000264   0x08000264   0x00000000   Code   RO         2141    .ARM.Collect$$libinit$$00000013  c_w.l(libinit2.o)
    0x08000264   0x08000264   0x00000000   Code   RO         2143    .ARM.Collect$$libinit$$00000015  c_w.l(libinit2.o)
    0x08000264   0x08000264   0x00000000   Code   RO         2145    .ARM.Collect$$libinit$$00000017  c_w.l(libinit2.o)
    0x08000264   0x08000264   0x00000000   Code   RO         2147    .ARM.Collect$$libinit$$00000019  c_w.l(libinit2.o)
    0x08000264   0x08000264   0x00000000   Code   RO         2149    .ARM.Collect$$libinit$$0000001B  c_w.l(libinit2.o)
    0x08000264   0x08000264   0x00000000   Code   RO         2151    .ARM.Collect$$libinit$$0000001D  c_w.l(libinit2.o)
    0x08000264   0x08000264   0x00000000   Code   RO         2153    .ARM.Collect$$libinit$$0000001F  c_w.l(libinit2.o)
    0x08000264   0x08000264   0x00000000   Code   RO         2155    .ARM.Collect$$libinit$$00000021  c_w.l(libinit2.o)
    0x08000264   0x08000264   0x00000000   Code   RO         2157    .ARM.Collect$$libinit$$00000023  c_w.l(libinit2.o)
    0x08000264   0x08000264   0x00000000   Code   RO         2159    .ARM.Collect$$libinit$$00000025  c_w.l(libinit2.o)
    0x08000264   0x08000264   0x00000000   Code   RO         2163    .ARM.Collect$$libinit$$0000002C  c_w.l(libinit2.o)
    0x08000264   0x08000264   0x00000000   Code   RO         2165    .ARM.Collect$$libinit$$0000002E  c_w.l(libinit2.o)
    0x08000264   0x08000264   0x00000000   Code   RO         2167    .ARM.Collect$$libinit$$00000030  c_w.l(libinit2.o)
    0x08000264   0x08000264   0x00000000   Code   RO         2169    .ARM.Collect$$libinit$$00000032  c_w.l(libinit2.o)
    0x08000264   0x08000264   0x00000002   Code   RO         2170    .ARM.Collect$$libinit$$00000033  c_w.l(libinit2.o)
    0x08000266   0x08000266   0x00000002   Code   RO         2194    .ARM.Collect$$libshutdown$$00000000  c_w.l(libshutdown.o)
    0x08000268   0x08000268   0x00000000   Code   RO         2207    .ARM.Collect$$libshutdown$$00000002  c_w.l(libshutdown2.o)
    0x08000268   0x08000268   0x00000000   Code   RO         2209    .ARM.Collect$$libshutdown$$00000004  c_w.l(libshutdown2.o)
    0x08000268   0x08000268   0x00000000   Code   RO         2212    .ARM.Collect$$libshutdown$$00000007  c_w.l(libshutdown2.o)
    0x08000268   0x08000268   0x00000000   Code   RO         2215    .ARM.Collect$$libshutdown$$0000000A  c_w.l(libshutdown2.o)
    0x08000268   0x08000268   0x00000000   Code   RO         2217    .ARM.Collect$$libshutdown$$0000000C  c_w.l(libshutdown2.o)
    0x08000268   0x08000268   0x00000000   Code   RO         2220    .ARM.Collect$$libshutdown$$0000000F  c_w.l(libshutdown2.o)
    0x08000268   0x08000268   0x00000002   Code   RO         2221    .ARM.Collect$$libshutdown$$00000010  c_w.l(libshutdown2.o)
    0x0800026a   0x0800026a   0x00000000   Code   RO         1971    .ARM.Collect$$rtentry$$00000000  c_w.l(__rtentry.o)
    0x0800026a   0x0800026a   0x00000000   Code   RO         2070    .ARM.Collect$$rtentry$$00000002  c_w.l(__rtentry2.o)
    0x0800026a   0x0800026a   0x00000006   Code   RO         2082    .ARM.Collect$$rtentry$$00000004  c_w.l(__rtentry4.o)
    0x08000270   0x08000270   0x00000000   Code   RO         2072    .ARM.Collect$$rtentry$$00000009  c_w.l(__rtentry2.o)
    0x08000270   0x08000270   0x00000004   Code   RO         2073    .ARM.Collect$$rtentry$$0000000A  c_w.l(__rtentry2.o)
    0x08000274   0x08000274   0x00000000   Code   RO         2075    .ARM.Collect$$rtentry$$0000000C  c_w.l(__rtentry2.o)
    0x08000274   0x08000274   0x00000008   Code   RO         2076    .ARM.Collect$$rtentry$$0000000D  c_w.l(__rtentry2.o)
    0x0800027c   0x0800027c   0x00000002   Code   RO         2116    .ARM.Collect$$rtexit$$00000000  c_w.l(rtexit.o)
    0x0800027e   0x0800027e   0x00000000   Code   RO         2174    .ARM.Collect$$rtexit$$00000002  c_w.l(rtexit2.o)
    0x0800027e   0x0800027e   0x00000004   Code   RO         2175    .ARM.Collect$$rtexit$$00000003  c_w.l(rtexit2.o)
    0x08000282   0x08000282   0x00000006   Code   RO         2176    .ARM.Collect$$rtexit$$00000004  c_w.l(rtexit2.o)
    0x08000288   0x08000288   0x00000170   Code   RO            2    .text               nrf24l01.o
    0x080003f8   0x080003f8   0x00000398   Code   RO          162    .text               nrf24l01_drv.o
    0x08000790   0x08000790   0x00000954   Code   RO          182    .text               packet.o
    0x080010e4   0x080010e4   0x00000116   Code   RO          221    .text               param.o
    0x080011fa   0x080011fa   0x00000002   PAD
    0x080011fc   0x080011fc   0x000002f4   Code   RO          240    .text               pid.o
    0x080014f0   0x080014f0   0x00000ad4   Code   RO          262    .text               robot.o
    0x08001fc4   0x08001fc4   0x0000003c   Code   RO          397    .text               stm32f4xx_it.o
    0x08002000   0x08002000   0x00000210   Code   RO          425    .text               system_stm32f4xx.o
    0x08002210   0x08002210   0x00000104   Code   RO          447    .text               timer.o
    0x08002314   0x08002314   0x00000278   Code   RO          472    .text               usart_ble.o
    0x0800258c   0x0800258c   0x00000684   Code   RO          498    .text               action.o
    0x08002c10   0x08002c10   0x00000750   Code   RO          526    .text               comm.o
    0x08003360   0x08003360   0x000005f4   Code   RO          550    .text               cpuid_des.o
    0x08003954   0x08003954   0x0000008c   Code   RO          610    .text               gpio.o
    0x080039e0   0x080039e0   0x00000b54   Code   RO          626    .text               hm_bluetooth.o
    0x08004534   0x08004534   0x0000075c   Code   RO          654    .text               i2c.o
    0x08004c90   0x08004c90   0x000006c8   Code   RO          670    .text               init.o
    0x08005358   0x08005358   0x0000000e   Code   RO          708    .text               main.o
    0x08005366   0x08005366   0x00000002   PAD
    0x08005368   0x08005368   0x00000a08   Code   RO          724    .text               misc.o
    0x08005d70   0x08005d70   0x00000574   Code   RO          747    .text               motor.o
    0x080062e4   0x080062e4   0x000005b4   Code   RO          766    .text               mpu6050_driver.o
    0x08006898   0x08006898   0x00000040   Code   RO          794    .text               startup_stm32f4xx.o
    0x080068d8   0x080068d8   0x00000238   Code   RO          799    .text               usb_bsp.o
    0x08006b10   0x08006b10   0x0000022c   Code   RO          818    .text               usbd_cdc_vcp.o
    0x08006d3c   0x08006d3c   0x00000154   Code   RO          850    .text               usbd_desc.o
    0x08006e90   0x08006e90   0x0000001e   Code   RO          876    .text               usbd_usr.o
    0x08006eae   0x08006eae   0x00000002   PAD
    0x08006eb0   0x08006eb0   0x000002f0   Code   RO          899    .text               usbh_usr.o
    0x080071a0   0x080071a0   0x00000464   Code   RO          933    .text               stm32f4xx_adc.o
    0x08007604   0x08007604   0x0000011c   Code   RO         1109    .text               stm32f4xx_exti.o
    0x08007720   0x08007720   0x000004bc   Code   RO         1125    .text               stm32f4xx_flash.o
    0x08007bdc   0x08007bdc   0x0000025c   Code   RO         1157    .text               stm32f4xx_gpio.o
    0x08007e38   0x08007e38   0x00000428   Code   RO         1221    .text               stm32f4xx_i2c.o
    0x08008260   0x08008260   0x00000040   Code   RO         1237    .text               stm32f4xx_iwdg.o
    0x080082a0   0x080082a0   0x000000e0   Code   RO         1253    .text               stm32f4xx_misc.o
    0x08008380   0x08008380   0x00000588   Code   RO         1285    .text               stm32f4xx_rcc.o
    0x08008908   0x08008908   0x000003f8   Code   RO         1351    .text               stm32f4xx_spi.o
    0x08008d00   0x08008d00   0x0000008c   Code   RO         1367    .text               stm32f4xx_syscfg.o
    0x08008d8c   0x08008d8c   0x00000ca2   Code   RO         1383    .text               stm32f4xx_tim.o
    0x08009a2e   0x08009a2e   0x00000002   PAD
    0x08009a30   0x08009a30   0x0000041a   Code   RO         1399    .text               stm32f4xx_usart.o
    0x08009e4a   0x08009e4a   0x00000002   PAD
    0x08009e4c   0x08009e4c   0x00000674   Code   RO         1431    .text               usbh_core.o
    0x0800a4c0   0x0800a4c0   0x00000186   Code   RO         1457    .text               usbh_hcs.o
    0x0800a646   0x0800a646   0x000003a8   Code   RO         1473    .text               usbh_ioreq.o
    0x0800a9ee   0x0800a9ee   0x00000002   PAD
    0x0800a9f0   0x0800a9f0   0x000003d8   Code   RO         1489    .text               usbh_stdreq.o
    0x0800adc8   0x0800adc8   0x00000588   Code   RO         1512    .text               usbh_hid_core.o
    0x0800b350   0x0800b350   0x00000028   Code   RO         1547    .text               usbh_hid_joystick.o
    0x0800b378   0x0800b378   0x0000015c   Code   RO         1569    .text               usbh_hid_keybd.o
    0x0800b4d4   0x0800b4d4   0x00000028   Code   RO         1591    .text               usbh_hid_mouse.o
    0x0800b4fc   0x0800b4fc   0x00001788   Code   RO         1612    .text               usb_core.o
    0x0800cc84   0x0800cc84   0x000000e4   Code   RO         1628    .text               usb_hcd.o
    0x0800cd68   0x0800cd68   0x00000e88   Code   RO         1644    .text               usb_hcd_int.o
    0x0800dbf0   0x0800dbf0   0x000002f8   Code   RO         1660    .text               usbd_core.o
    0x0800dee8   0x0800dee8   0x000000f4   Code   RO         1686    .text               usbd_ioreq.o
    0x0800dfdc   0x0800dfdc   0x000006c0   Code   RO         1702    .text               usbd_req.o
    0x0800e69c   0x0800e69c   0x00000330   Code   RO         1727    .text               usbd_cdc_core.o
    0x0800e9cc   0x0800e9cc   0x0000037e   Code   RO         1776    .text               usb_dcd.o
    0x0800ed4a   0x0800ed4a   0x00000002   PAD
    0x0800ed4c   0x0800ed4c   0x00000770   Code   RO         1792    .text               usb_dcd_int.o
    0x0800f4bc   0x0800f4bc   0x00000028   Code   RO         1811    .text               c_w.l(noretval__2sprintf.o)
    0x0800f4e4   0x0800f4e4   0x0000004e   Code   RO         1815    .text               c_w.l(_printf_pad.o)
    0x0800f532   0x0800f532   0x00000052   Code   RO         1817    .text               c_w.l(_printf_str.o)
    0x0800f584   0x0800f584   0x00000058   Code   RO         1822    .text               c_w.l(_printf_hex_int.o)
    0x0800f5dc   0x0800f5dc   0x00000138   Code   RO         1852    .text               c_w.l(__printf_flags_wp.o)
    0x0800f714   0x0800f714   0x0000003c   Code   RO         1863    .text               c_w.l(__0sscanf.o)
    0x0800f750   0x0800f750   0x0000014c   Code   RO         1865    .text               c_w.l(_scanf_int.o)
    0x0800f89c   0x0800f89c   0x00000018   Code   RO         1867    .text               c_w.l(strcat.o)
    0x0800f8b4   0x0800f8b4   0x0000008a   Code   RO         1869    .text               c_w.l(rt_memcpy_v6.o)
    0x0800f93e   0x0800f93e   0x00000064   Code   RO         1871    .text               c_w.l(rt_memcpy_w.o)
    0x0800f9a2   0x0800f9a2   0x00000044   Code   RO         1873    .text               c_w.l(rt_memclr.o)
    0x0800f9e6   0x0800f9e6   0x0000004e   Code   RO         1875    .text               c_w.l(rt_memclr_w.o)
    0x0800fa34   0x0800fa34   0x00000006   Code   RO         1877    .text               c_w.l(heapauxi.o)
    0x0800fa3a   0x0800fa3a   0x00000016   Code   RO         1972    .text               c_w.l(_rserrno.o)
    0x0800fa50   0x0800fa50   0x000000b2   Code   RO         1974    .text               c_w.l(_printf_intcommon.o)
    0x0800fb02   0x0800fb02   0x00000002   PAD
    0x0800fb04   0x0800fb04   0x00000030   Code   RO         1976    .text               c_w.l(_printf_char_common.o)
    0x0800fb34   0x0800fb34   0x0000000a   Code   RO         1978    .text               c_w.l(_sputc.o)
    0x0800fb3e   0x0800fb3e   0x0000002c   Code   RO         1980    .text               c_w.l(_printf_char.o)
    0x0800fb6a   0x0800fb6a   0x0000001c   Code   RO         1983    .text               c_w.l(_chval.o)
    0x0800fb86   0x0800fb86   0x00000002   PAD
    0x0800fb88   0x0800fb88   0x0000002c   Code   RO         1985    .text               c_w.l(scanf_char.o)
    0x0800fbb4   0x0800fbb4   0x00000040   Code   RO         1987    .text               c_w.l(_sgetc.o)
    0x0800fbf4   0x0800fbf4   0x00000008   Code   RO         2087    .text               c_w.l(rt_errno_addr_intlibspace.o)
    0x0800fbfc   0x0800fbfc   0x00000012   Code   RO         2089    .text               c_w.l(isspace.o)
    0x0800fc0e   0x0800fc0e   0x00000002   PAD
    0x0800fc10   0x0800fc10   0x00000374   Code   RO         2093    .text               c_w.l(_scanf.o)
    0x0800ff84   0x0800ff84   0x00000008   Code   RO         2099    .text               c_w.l(libspace.o)
    0x0800ff8c   0x0800ff8c   0x0000004a   Code   RO         2102    .text               c_w.l(sys_stackheap_outer.o)
    0x0800ffd6   0x0800ffd6   0x00000002   PAD
    0x0800ffd8   0x0800ffd8   0x00000010   Code   RO         2104    .text               c_w.l(rt_ctype_table.o)
    0x0800ffe8   0x0800ffe8   0x00000012   Code   RO         2106    .text               c_w.l(exit.o)
    0x0800fffa   0x0800fffa   0x00000002   PAD
    0x0800fffc   0x0800fffc   0x00000008   Code   RO         2121    .text               c_w.l(rt_locale_intlibspace.o)
    0x08010004   0x08010004   0x00000080   Code   RO         2180    .text               c_w.l(strcmpv7m.o)
    0x08010084   0x08010084   0x0000000c   Code   RO         2186    .text               c_w.l(sys_exit.o)
    0x08010090   0x08010090   0x00000002   Code   RO         2197    .text               c_w.l(use_no_semi.o)
    0x08010092   0x08010092   0x00000000   Code   RO         2199    .text               c_w.l(indicate_semi.o)
    0x08010092   0x08010092   0x00000030   Code   RO         2041    i.__ARM_fpclassify  m_wm.l(fpclassify.o)
    0x080100c2   0x080100c2   0x00000006   PAD
    0x080100c8   0x080100c8   0x000002d8   Code   RO         2004    i.__hardfp_atan     m_wm.l(atan.o)
    0x080103a0   0x080103a0   0x000001f0   Code   RO         1915    i.__hardfp_atan2    m_wm.l(atan2.o)
    0x08010590   0x08010590   0x00000118   Code   RO         1927    i.__hardfp_ceil     m_wm.l(ceil.o)
    0x080106a8   0x080106a8   0x000000c8   Code   RO         1933    i.__hardfp_cos      m_wm.l(cos.o)
    0x08010770   0x08010770   0x00000c50   Code   RO         1945    i.__hardfp_pow      m_wm.l(pow.o)
    0x080113c0   0x080113c0   0x000000c8   Code   RO         1959    i.__hardfp_sin      m_wm.l(sin.o)
    0x08011488   0x08011488   0x00000438   Code   RO         2046    i.__ieee754_rem_pio2  m_wm.l(rred.o)
    0x080118c0   0x080118c0   0x00000170   Code   RO         2018    i.__kernel_cos      m_wm.l(cos_i.o)
    0x08011a30   0x08011a30   0x000000f8   Code   RO         2043    i.__kernel_poly     m_wm.l(poly.o)
    0x08011b28   0x08011b28   0x00000130   Code   RO         2051    i.__kernel_sin      m_wm.l(sin_i.o)
    0x08011c58   0x08011c58   0x00000030   Code   RO         2021    i.__mathlib_dbl_divzero  m_wm.l(dunder.o)
    0x08011c88   0x08011c88   0x00000014   Code   RO         2022    i.__mathlib_dbl_infnan  m_wm.l(dunder.o)
    0x08011c9c   0x08011c9c   0x00000014   Code   RO         2023    i.__mathlib_dbl_infnan2  m_wm.l(dunder.o)
    0x08011cb0   0x08011cb0   0x00000020   Code   RO         2024    i.__mathlib_dbl_invalid  m_wm.l(dunder.o)
    0x08011cd0   0x08011cd0   0x00000020   Code   RO         2025    i.__mathlib_dbl_overflow  m_wm.l(dunder.o)
    0x08011cf0   0x08011cf0   0x00000020   Code   RO         2027    i.__mathlib_dbl_underflow  m_wm.l(dunder.o)
    0x08011d10   0x08011d10   0x0000000e   Code   RO         1850    i._is_digit         c_w.l(__printf_wp.o)
    0x08011d1e   0x08011d1e   0x00000010   Code   RO         2006    i.atan              m_wm.l(atan.o)
    0x08011d2e   0x08011d2e   0x00000018   Code   RO         2037    i.fabs              m_wm.l(fabs.o)
    0x08011d46   0x08011d46   0x0000006e   Code   RO         2059    i.sqrt              m_wm.l(sqrt.o)
    0x08011db4   0x08011db4   0x0000002c   Code   RO         2124    locale$$code        c_w.l(lc_ctype_c.o)
    0x08011de0   0x08011de0   0x00000018   Code   RO         1989    x$fpl$basic         fz_wm.l(basic.o)
    0x08011df8   0x08011df8   0x00000062   Code   RO         1881    x$fpl$d2f           fz_wm.l(d2f.o)
    0x08011e5a   0x08011e5a   0x00000002   PAD
    0x08011e5c   0x08011e5c   0x00000150   Code   RO         1883    x$fpl$dadd          fz_wm.l(daddsub_clz.o)
    0x08011fac   0x08011fac   0x00000010   Code   RO         2095    x$fpl$dcheck1       fz_wm.l(dcheck1.o)
    0x08011fbc   0x08011fbc   0x00000018   Code   RO         1991    x$fpl$dcmpinf       fz_wm.l(dcmpi.o)
    0x08011fd4   0x08011fd4   0x000002b0   Code   RO         1890    x$fpl$ddiv          fz_wm.l(ddiv.o)
    0x08012284   0x08012284   0x0000005e   Code   RO         1893    x$fpl$dfix          fz_wm.l(dfix.o)
    0x080122e2   0x080122e2   0x00000002   PAD
    0x080122e4   0x080122e4   0x0000005a   Code   RO         1897    x$fpl$dfixu         fz_wm.l(dfixu.o)
    0x0801233e   0x0801233e   0x0000002e   Code   RO         1902    x$fpl$dflt          fz_wm.l(dflt_clz.o)
    0x0801236c   0x0801236c   0x00000026   Code   RO         1901    x$fpl$dfltu         fz_wm.l(dflt_clz.o)
    0x08012392   0x08012392   0x00000002   PAD
    0x08012394   0x08012394   0x00000078   Code   RO         1907    x$fpl$dleqf         fz_wm.l(dleqf.o)
    0x0801240c   0x0801240c   0x00000154   Code   RO         1909    x$fpl$dmul          fz_wm.l(dmul.o)
    0x08012560   0x08012560   0x0000009c   Code   RO         1993    x$fpl$dnaninf       fz_wm.l(dnaninf.o)
    0x080125fc   0x080125fc   0x0000000c   Code   RO         1995    x$fpl$dretinf       fz_wm.l(dretinf.o)
    0x08012608   0x08012608   0x0000006c   Code   RO         1911    x$fpl$drleqf        fz_wm.l(drleqf.o)
    0x08012674   0x08012674   0x00000016   Code   RO         1884    x$fpl$drsb          fz_wm.l(daddsub_clz.o)
    0x0801268a   0x0801268a   0x00000002   PAD
    0x0801268c   0x0801268c   0x00000198   Code   RO         2097    x$fpl$dsqrt         fz_wm.l(dsqrt_umaal.o)
    0x08012824   0x08012824   0x000001d4   Code   RO         1885    x$fpl$dsub          fz_wm.l(daddsub_clz.o)
    0x080129f8   0x080129f8   0x00000056   Code   RO         1913    x$fpl$f2d           fz_wm.l(f2d.o)
    0x08012a4e   0x08012a4e   0x0000008c   Code   RO         1997    x$fpl$fnaninf       fz_wm.l(fnaninf.o)
    0x08012ada   0x08012ada   0x0000000a   Code   RO         2184    x$fpl$fpinit        fz_wm.l(fpinit.o)
    0x08012ae4   0x08012ae4   0x0000000a   Code   RO         1999    x$fpl$fretinf       fz_wm.l(fretinf.o)
    0x08012aee   0x08012aee   0x00000064   Code   RO         2114    x$fpl$retnan        fz_wm.l(retnan.o)
    0x08012b52   0x08012b52   0x0000005c   Code   RO         2001    x$fpl$scalbn        fz_wm.l(scalbn.o)
    0x08012bae   0x08012bae   0x00000030   Code   RO         2171    x$fpl$trapveneer    fz_wm.l(trapv.o)
    0x08012bde   0x08012bde   0x00000000   Code   RO         2003    x$fpl$usenofp       fz_wm.l(usenofp.o)
    0x08012bde   0x08012bde   0x00000002   PAD
    0x08012be0   0x08012be0   0x00000010   Data   RO          264    .constdata          robot.o
    0x08012bf0   0x08012bf0   0x00000348   Data   RO          551    .constdata          cpuid_des.o
    0x08012f38   0x08012f38   0x000001ec   Data   RO         1570    .constdata          usbh_hid_keybd.o
    0x08013124   0x08013124   0x00000028   Data   RO         1823    .constdata          c_w.l(_printf_hex_int.o)
    0x0801314c   0x0801314c   0x00000011   Data   RO         1853    .constdata          c_w.l(__printf_flags_wp.o)
    0x0801315d   0x0801315d   0x00000003   PAD
    0x08013160   0x08013160   0x00000088   Data   RO         1948    .constdata          m_wm.l(pow.o)
    0x080131e8   0x080131e8   0x00000098   Data   RO         2007    .constdata          m_wm.l(atan.o)
    0x08013280   0x08013280   0x00000030   Data   RO         2019    .constdata          m_wm.l(cos_i.o)
    0x080132b0   0x080132b0   0x00000008   Data   RO         2045    .constdata          m_wm.l(qnan.o)
    0x080132b8   0x080132b8   0x000000c8   Data   RO         2048    .constdata          m_wm.l(rred.o)
    0x08013380   0x08013380   0x00000028   Data   RO         2052    .constdata          m_wm.l(sin_i.o)
    0x080133a8   0x080133a8   0x00000020   Data   RO         2252    Region$$Table       anon$$obj.o
    0x080133c8   0x080133c8   0x00000110   Data   RO         2123    locale$$data        c_w.l(lc_ctype_c.o)


    Execution Region RW_IRAM1 (Exec base: 0x20000000, Load base: 0x080134d8, Size: 0x00005248, Max: 0x00020000, ABSOLUTE, COMPRESSED[0x00000190])

    Exec Addr    Load Addr    Size         Type   Attr      Idx    E Section Name        Object

    0x20000000   COMPRESSED   0x00000004   Data   RW            4    .data               nrf24l01.o
    0x20000004   COMPRESSED   0x0000003a   Data   RW          183    .data               packet.o
    0x2000003e   COMPRESSED   0x00000002   PAD
    0x20000040   COMPRESSED   0x00000054   Data   RW          265    .data               robot.o
    0x20000094   COMPRESSED   0x00000014   Data   RW          426    .data               system_stm32f4xx.o
    0x200000a8   COMPRESSED   0x00000008   Data   RW          448    .data               timer.o
    0x200000b0   COMPRESSED   0x00000008   Data   RW          474    .data               usart_ble.o
    0x200000b8   COMPRESSED   0x00000020   Data   RW          500    .data               action.o
    0x200000d8   COMPRESSED   0x00000020   Data   RW          528    .data               comm.o
    0x200000f8   COMPRESSED   0x00000001   Data   RW          578    .data               error_event.o
    0x200000f9   COMPRESSED   0x0000000d   Data   RW          628    .data               hm_bluetooth.o
    0x20000106   COMPRESSED   0x0000000a   Data   RW          672    .data               init.o
    0x20000110   COMPRESSED   0x0000000d   Data   RW          726    .data               misc.o
    0x2000011d   COMPRESSED   0x00000003   PAD
    0x20000120   COMPRESSED   0x00000011   Data   RW          748    .data               motor.o
    0x20000131   COMPRESSED   0x00000003   PAD
    0x20000134   COMPRESSED   0x00000019   Data   RW          768    .data               mpu6050_driver.o
    0x2000014d   COMPRESSED   0x00000003   PAD
    0x20000150   COMPRESSED   0x00000008   Data   RW          800    .data               usb_bsp.o
    0x20000158   COMPRESSED   0x00000024   Data   RW          820    .data               usbd_cdc_vcp.o
    0x2000017c   COMPRESSED   0x0000003c   Data   RW          851    .data               usbd_desc.o
    0x200001b8   COMPRESSED   0x0000001c   Data   RW          877    .data               usbd_usr.o
    0x200001d4   COMPRESSED   0x00000058   Data   RW          901    .data               usbh_usr.o
    0x2000022c   COMPRESSED   0x00000010   Data   RW         1286    .data               stm32f4xx_rcc.o
    0x2000023c   COMPRESSED   0x00000012   Data   RW         1433    .data               usbh_core.o
    0x2000024e   COMPRESSED   0x00000003   Data   RW         1491    .data               usbh_stdreq.o
    0x20000251   COMPRESSED   0x00000003   PAD
    0x20000254   COMPRESSED   0x0000001c   Data   RW         1514    .data               usbh_hid_core.o
    0x20000270   COMPRESSED   0x00000008   Data   RW         1549    .data               usbh_hid_joystick.o
    0x20000278   COMPRESSED   0x0000001f   Data   RW         1571    .data               usbh_hid_keybd.o
    0x20000297   COMPRESSED   0x00000001   PAD
    0x20000298   COMPRESSED   0x0000000c   Data   RW         1592    .data               usbh_hid_mouse.o
    0x200002a4   COMPRESSED   0x00000034   Data   RW         1662    .data               usbd_core.o
    0x200002d8   COMPRESSED   0x0000000d   Data   RW         1704    .data               usbd_req.o
    0x200002e5   COMPRESSED   0x00000003   PAD
    0x200002e8   COMPRESSED   0x00000098   Data   RW         1729    .data               usbd_cdc_core.o
    0x20000380        -       0x00000118   Zero   RW            3    .bss                nrf24l01.o
    0x20000498        -       0x00000034   Zero   RW          241    .bss                pid.o
    0x200004cc   COMPRESSED   0x00000004   PAD
    0x200004d0        -       0x000020a0   Zero   RW          263    .bss                robot.o
    0x20002570        -       0x00000219   Zero   RW          473    .bss                usart_ble.o
    0x20002789   COMPRESSED   0x00000003   PAD
    0x2000278c        -       0x00000010   Zero   RW          499    .bss                action.o
    0x2000279c        -       0x0000014f   Zero   RW          527    .bss                comm.o
    0x200028eb        -       0x0000000a   Zero   RW          627    .bss                hm_bluetooth.o
    0x200028f5   COMPRESSED   0x00000003   PAD
    0x200028f8        -       0x00000018   Zero   RW          671    .bss                init.o
    0x20002910        -       0x00000014   Zero   RW          725    .bss                misc.o
    0x20002924        -       0x00000050   Zero   RW          767    .bss                mpu6050_driver.o
    0x20002974        -       0x00000090   Zero   RW          819    .bss                usbd_cdc_vcp.o
    0x20002a04        -       0x00000b14   Zero   RW         1432    .bss                usbh_core.o
    0x20003518        -       0x00000200   Zero   RW         1490    .bss                usbh_stdreq.o
    0x20003718        -       0x000000a6   Zero   RW         1513    .bss                usbh_hid_core.o
    0x200037be        -       0x00000014   Zero   RW         1548    .bss                usbh_hid_joystick.o
    0x200037d2   COMPRESSED   0x00000002   PAD
    0x200037d4        -       0x00000a90   Zero   RW         1661    .bss                usbd_core.o
    0x20004264        -       0x000000ff   Zero   RW         1703    .bss                usbd_req.o
    0x20004363        -       0x00000883   Zero   RW         1728    .bss                usbd_cdc_core.o
    0x20004be6   COMPRESSED   0x00000002   PAD
    0x20004be8        -       0x00000060   Zero   RW         2100    .bss                c_w.l(libspace.o)
    0x20004c48        -       0x00000200   Zero   RW          792    HEAP                startup_stm32f4xx.o
    0x20004e48        -       0x00000400   Zero   RW          791    STACK               startup_stm32f4xx.o


==============================================================================

Image component sizes


      Code (inc. data)   RO Data    RW Data    ZI Data      Debug   Object Name

      1668        116          0         32         16      34803   action.o
      1872        118          0         32        335       4280   comm.o
      1524         86        840          0          0       5298   cpuid_des.o
         0          0          0          1          0        669   error_event.o
       140         18          0          0          0        928   gpio.o
      2900        124          0         13         10       8303   hm_bluetooth.o
      1884         22          0          0          0       6847   i2c.o
      1736        114          0         10         24      22556   init.o
        14          0          0          0          0        483   main.o
      2568        236          0         13         20      26222   misc.o
      1396         60          0         17          0       5041   motor.o
      1460        110          0         25         80       5877   mpu6050_driver.o
       368         22          0          4        280     319228   nrf24l01.o
       920          4          0          0          0       5800   nrf24l01_drv.o
      2388        114          0         58          0       7967   packet.o
       278          0          0          0          0       1892   param.o
       756         24          0          0         52       4848   pid.o
      2772        306         16         84       8352      36527   robot.o
        64         26        392          0       1536        832   startup_stm32f4xx.o
      1124         24          0          0          0      10686   stm32f4xx_adc.o
       284         10          0          0          0       2319   stm32f4xx_exti.o
      1212         26          0          0          0       7085   stm32f4xx_flash.o
       604         36          0          0          0       4129   stm32f4xx_gpio.o
      1064         26          0          0          0       8247   stm32f4xx_i2c.o
        60         12          0          0          0       1388   stm32f4xx_it.o
        64          6          0          0          0       1341   stm32f4xx_iwdg.o
       224         20          0          0          0       1869   stm32f4xx_misc.o
      1416         48          0         16          0      11051   stm32f4xx_rcc.o
      1016         22          0          0          0       6841   stm32f4xx_spi.o
       140         12          0          0          0       1683   stm32f4xx_syscfg.o
      3234         60          0          0          0      23012   stm32f4xx_tim.o
      1050         26          0          0          0       7856   stm32f4xx_usart.o
       528         46          0         20          0       1827   system_stm32f4xx.o
       260         10          0          8          0       2685   timer.o
       632         30          0          8        537       3865   usart_ble.o
       568         16          0          8          0       3737   usb_bsp.o
      6024         10          0          0          0      17446   usb_core.o
       894          0          0          0          0       4708   usb_dcd.o
      1904         22          0          0          0       5071   usb_dcd_int.o
       228          0          0          0          0       3308   usb_hcd.o
      3720         12          0          0          0       6787   usb_hcd_int.o
       816         58          0        152       2179       5636   usbd_cdc_core.o
       556         22          0         36        144       3532   usbd_cdc_vcp.o
       760          6          0         52       2704       6078   usbd_core.o
       340        164          0         60          0       3724   usbd_desc.o
       244          0          0          0          0       2830   usbd_ioreq.o
      1728         50          0         13        255       5697   usbd_req.o
        30          0          0         28          0       1521   usbd_usr.o
      1652         50          0         18       2836       9337   usbh_core.o
       390          0          0          0          0       2756   usbh_hcs.o
      1416         38          0         28        166       6557   usbh_hid_core.o
        40          6          0          8         20       2564   usbh_hid_joystick.o
       348         44        492         31          0       2024   usbh_hid_keybd.o
        40          6          0         12          0       1766   usbh_hid_mouse.o
       936          0          0          0          0       4792   usbh_ioreq.o
       984         12          0          3        512       6209   usbh_stdreq.o
       752        126          0         88          0       7629   usbh_usr.o

    ----------------------------------------------------------------------
     62004       2556       1772        896      20072     707994   Object Totals
         0          0         32          0          0          0   (incl. Generated)
        14          0          0         18         14          0   (incl. Padding)

    ----------------------------------------------------------------------

      Code (inc. data)   RO Data    RW Data    ZI Data      Debug   Library Member Name

        60          8          0          0          0         84   __0sscanf.o
        90          0          0          0          0          0   __dczerorl2.o
         8          0          0          0          0         68   __main.o
       312          4         17          0          0         92   __printf_flags_wp.o
        14          0          0          0          0         68   __printf_wp.o
         0          0          0          0          0          0   __rtentry.o
        12          0          0          0          0          0   __rtentry2.o
         6          0          0          0          0          0   __rtentry4.o
        52          8          0          0          0          0   __scatter.o
        28          0          0          0          0          0   __scatter_zi.o
        28          0          0          0          0         68   _chval.o
        44          0          0          0          0        108   _printf_char.o
        48          6          0          0          0         96   _printf_char_common.o
        88          4         40          0          0         88   _printf_hex_int.o
       178          0          0          0          0         88   _printf_intcommon.o
        78          0          0          0          0        108   _printf_pad.o
         0          0          0          0          0          0   _printf_percent.o
         4          0          0          0          0          0   _printf_percent_end.o
         6          0          0          0          0          0   _printf_s.o
        82          0          0          0          0         80   _printf_str.o
         6          0          0          0          0          0   _printf_x.o
        22          0          0          0          0        100   _rserrno.o
       884          6          0          0          0        100   _scanf.o
       332          0          0          0          0         96   _scanf_int.o
        64          0          0          0          0         84   _sgetc.o
        10          0          0          0          0         68   _sputc.o
        18          0          0          0          0         80   exit.o
         6          0          0          0          0        152   heapauxi.o
         0          0          0          0          0          0   indicate_semi.o
        18          0          0          0          0         76   isspace.o
        44         10        272          0          0         76   lc_ctype_c.o
         2          0          0          0          0          0   libinit.o
        24          0          0          0          0          0   libinit2.o
         2          0          0          0          0          0   libshutdown.o
         2          0          0          0          0          0   libshutdown2.o
         8          4          0          0         96         68   libspace.o
        40          6          0          0          0         84   noretval__2sprintf.o
        16          4          0          0          0         76   rt_ctype_table.o
         8          4          0          0          0         68   rt_errno_addr_intlibspace.o
         8          4          0          0          0         68   rt_locale_intlibspace.o
        68          0          0          0          0         68   rt_memclr.o
        78          0          0          0          0         80   rt_memclr_w.o
       138          0          0          0          0         68   rt_memcpy_v6.o
       100          0          0          0          0         80   rt_memcpy_w.o
         2          0          0          0          0          0   rtexit.o
        10          0          0          0          0          0   rtexit2.o
        44          8          0          0          0         84   scanf_char.o
        24          0          0          0          0         68   strcat.o
       128          0          0          0          0         68   strcmpv7m.o
        12          4          0          0          0         68   sys_exit.o
        74          0          0          0          0         80   sys_stackheap_outer.o
         2          0          0          0          0         68   use_no_semi.o
        24          0          0          0          0        164   basic.o
        98          4          0          0          0        140   d2f.o
       826         16          0          0          0        492   daddsub_clz.o
        16          4          0          0          0        116   dcheck1.o
        24          0          0          0          0        116   dcmpi.o
       688        140          0          0          0        256   ddiv.o
        94          4          0          0          0        140   dfix.o
        90          4          0          0          0        140   dfixu.o
        84          0          0          0          0        232   dflt_clz.o
       120          4          0          0          0        140   dleqf.o
       340         12          0          0          0        152   dmul.o
       156          4          0          0          0        140   dnaninf.o
        12          0          0          0          0        116   dretinf.o
       108          0          0          0          0        128   drleqf.o
       408         56          0          0          0        168   dsqrt_umaal.o
        86          4          0          0          0        132   f2d.o
       140          4          0          0          0        132   fnaninf.o
        10          0          0          0          0        116   fpinit.o
        10          0          0          0          0        116   fretinf.o
       100          0          0          0          0        116   retnan.o
        92          0          0          0          0        116   scalbn.o
        48          0          0          0          0        116   trapv.o
         0          0          0          0          0          0   usenofp.o
       744        106        152          0          0        352   atan.o
       496         64          0          0          0        192   atan2.o
       280         28          0          0          0        156   ceil.o
       200         20          0          0          0        164   cos.o
       368         46         48          0          0        200   cos_i.o
       184         44          0          0          0        744   dunder.o
        24          0          0          0          0        124   fabs.o
        48          0          0          0          0        124   fpclassify.o
       248          0          0          0          0        152   poly.o
      3152        296        136          0          0        352   pow.o
         0          0          8          0          0          0   qnan.o
      1080        142        200          0          0        188   rred.o
       200         20          0          0          0        164   sin.o
       304         24         40          0          0        208   sin_i.o
       110          0          0          0          0        148   sqrt.o

    ----------------------------------------------------------------------
     14372       1126        916          0         96       9628   Library Totals
        28          0          3          0          0          0   (incl. Padding)

    ----------------------------------------------------------------------

      Code (inc. data)   RO Data    RW Data    ZI Data      Debug   Library Name

      3332         80        329          0         96       2876   c_w.l
      3574        256          0          0          0       3484   fz_wm.l
      7438        790        584          0          0       3268   m_wm.l

    ----------------------------------------------------------------------
     14372       1126        916          0         96       9628   Library Totals

    ----------------------------------------------------------------------

==============================================================================


      Code (inc. data)   RO Data    RW Data    ZI Data      Debug   

     76376       3682       2688        896      20168     699510   Grand Totals
     76376       3682       2688        400      20168     699510   ELF Image Totals (compressed)
     76376       3682       2688        400          0          0   ROM Totals

==============================================================================

    Total RO  Size (Code + RO Data)                79064 (  77.21kB)
    Total RW  Size (RW Data + ZI Data)             21064 (  20.57kB)
    Total ROM Size (Code + RO Data + RW Data)      79464 (  77.60kB)

==============================================================================

